
Discarded input sections

 .text          0x00000000        0x0 /home/reymondo/CodeSourcery/Sourcery_G++_Lite/bin/../lib/gcc/arm-none-eabi/4.5.2/thumb2/crti.o
 .data          0x00000000        0x0 /home/reymondo/CodeSourcery/Sourcery_G++_Lite/bin/../lib/gcc/arm-none-eabi/4.5.2/thumb2/crti.o
 .bss           0x00000000        0x0 /home/reymondo/CodeSourcery/Sourcery_G++_Lite/bin/../lib/gcc/arm-none-eabi/4.5.2/thumb2/crti.o
 .init          0x00000000        0x4 /home/reymondo/CodeSourcery/Sourcery_G++_Lite/bin/../lib/gcc/arm-none-eabi/4.5.2/thumb2/crti.o
 .fini          0x00000000        0x4 /home/reymondo/CodeSourcery/Sourcery_G++_Lite/bin/../lib/gcc/arm-none-eabi/4.5.2/thumb2/crti.o
 .text          0x00000000       0x30 /home/reymondo/CodeSourcery/Sourcery_G++_Lite/bin/../lib/gcc/arm-none-eabi/4.5.2/thumb2/crtbegin.o
 .data          0x00000000        0x4 /home/reymondo/CodeSourcery/Sourcery_G++_Lite/bin/../lib/gcc/arm-none-eabi/4.5.2/thumb2/crtbegin.o
 .bss           0x00000000        0x1 /home/reymondo/CodeSourcery/Sourcery_G++_Lite/bin/../lib/gcc/arm-none-eabi/4.5.2/thumb2/crtbegin.o
 .init_array    0x00000000        0x4 /home/reymondo/CodeSourcery/Sourcery_G++_Lite/bin/../lib/gcc/arm-none-eabi/4.5.2/thumb2/crtbegin.o
 .fini_array    0x00000000        0x4 /home/reymondo/CodeSourcery/Sourcery_G++_Lite/bin/../lib/gcc/arm-none-eabi/4.5.2/thumb2/crtbegin.o
 .jcr           0x00000000        0x0 /home/reymondo/CodeSourcery/Sourcery_G++_Lite/bin/../lib/gcc/arm-none-eabi/4.5.2/thumb2/crtbegin.o
 .text          0x00000000       0x14 out/startup_stm32f10x_cl.o
 .data          0x00000000        0x0 out/startup_stm32f10x_cl.o
 .bss           0x00000000        0x0 out/startup_stm32f10x_cl.o
 .text          0x00000000        0x0 out/stm32f10x_it.o
 .data          0x00000000        0x0 out/stm32f10x_it.o
 .bss           0x00000000        0x0 out/stm32f10x_it.o
 .text          0x00000000        0x0 out/system_stm32f10x.o
 .data          0x00000000        0x0 out/system_stm32f10x.o
 .bss           0x00000000        0x0 out/system_stm32f10x.o
 .data.SystemCoreClock
                0x00000000        0x4 out/system_stm32f10x.o
 .data.AHBPrescTable
                0x00000000       0x10 out/system_stm32f10x.o
 .text.SystemCoreClockUpdate
                0x00000000      0x160 out/system_stm32f10x.o
 .text          0x00000000        0x0 out/misc.o
 .data          0x00000000        0x0 out/misc.o
 .bss           0x00000000        0x0 out/misc.o
 .text.NVIC_PriorityGroupConfig
                0x00000000       0x24 out/misc.o
 .text.NVIC_SetVectorTable
                0x00000000       0x2c out/misc.o
 .text.NVIC_SystemLPConfig
                0x00000000       0x44 out/misc.o
 .text.SysTick_CLKSourceConfig
                0x00000000       0x38 out/misc.o
 .text          0x00000000        0x0 out/stm32f10x_adc.o
 .data          0x00000000        0x0 out/stm32f10x_adc.o
 .bss           0x00000000        0x0 out/stm32f10x_adc.o
 .text.ADC_DeInit
                0x00000000       0x80 out/stm32f10x_adc.o
 .text.ADC_Init
                0x00000000       0xbc out/stm32f10x_adc.o
 .text.ADC_StructInit
                0x00000000       0x44 out/stm32f10x_adc.o
 .text.ADC_Cmd  0x00000000       0x38 out/stm32f10x_adc.o
 .text.ADC_DMACmd
                0x00000000       0x38 out/stm32f10x_adc.o
 .text.ADC_ITConfig
                0x00000000       0x48 out/stm32f10x_adc.o
 .text.ADC_ResetCalibration
                0x00000000       0x20 out/stm32f10x_adc.o
 .text.ADC_GetResetCalibrationStatus
                0x00000000       0x38 out/stm32f10x_adc.o
 .text.ADC_StartCalibration
                0x00000000       0x20 out/stm32f10x_adc.o
 .text.ADC_GetCalibrationStatus
                0x00000000       0x38 out/stm32f10x_adc.o
 .text.ADC_SoftwareStartConvCmd
                0x00000000       0x38 out/stm32f10x_adc.o
 .text.ADC_GetSoftwareStartConvStatus
                0x00000000       0x38 out/stm32f10x_adc.o
 .text.ADC_DiscModeChannelCountConfig
                0x00000000       0x4c out/stm32f10x_adc.o
 .text.ADC_DiscModeCmd
                0x00000000       0x38 out/stm32f10x_adc.o
 .text.ADC_RegularChannelConfig
                0x00000000      0x1d0 out/stm32f10x_adc.o
 .text.ADC_ExternalTrigConvCmd
                0x00000000       0x38 out/stm32f10x_adc.o
 .text.ADC_GetConversionValue
                0x00000000       0x1c out/stm32f10x_adc.o
 .text.ADC_GetDualModeConversionValue
                0x00000000       0x14 out/stm32f10x_adc.o
 .text.ADC_AutoInjectedConvCmd
                0x00000000       0x38 out/stm32f10x_adc.o
 .text.ADC_InjectedDiscModeCmd
                0x00000000       0x38 out/stm32f10x_adc.o
 .text.ADC_ExternalTrigInjectedConvConfig
                0x00000000       0x38 out/stm32f10x_adc.o
 .text.ADC_ExternalTrigInjectedConvCmd
                0x00000000       0x38 out/stm32f10x_adc.o
 .text.ADC_SoftwareStartInjectedConvCmd
                0x00000000       0x38 out/stm32f10x_adc.o
 .text.ADC_GetSoftwareStartInjectedConvCmdStatus
[...]
Memory Configuration

Name             Origin             Length             Attributes
FLASH            0x08000000         0x00040000         xr
RAM              0x20000000         0x00010000         xrw
*default*        0x00000000         0xffffffff

Linker script and memory map

LOAD /home/reymondo/CodeSourcery/Sourcery_G++_Lite/bin/../lib/gcc/arm-none-eabi/4.5.2/thumb2/crti.o
LOAD /home/reymondo/CodeSourcery/Sourcery_G++_Lite/bin/../lib/gcc/arm-none-eabi/4.5.2/thumb2/crtbegin.o
LOAD out/startup_stm32f10x_cl.o
LOAD out/stm32f10x_it.o
LOAD out/system_stm32f10x.o
LOAD out/misc.o
LOAD out/stm32f10x_adc.o
LOAD out/stm32f10x_bkp.o
LOAD out/stm32f10x_can.o
LOAD out/stm32f10x_cec.o
LOAD out/stm32f10x_crc.o
LOAD out/stm32f10x_dac.o
LOAD out/stm32f10x_dbgmcu.o
LOAD out/stm32f10x_dma.o
LOAD out/stm32f10x_exti.o
LOAD out/stm32f10x_flash.o
LOAD out/stm32f10x_fsmc.o
LOAD out/stm32f10x_gpio.o
LOAD out/stm32f10x_i2c.o
LOAD out/stm32f10x_iwdg.o
LOAD out/stm32f10x_pwr.o
LOAD out/stm32f10x_rcc.o
LOAD out/stm32f10x_rtc.o
LOAD out/stm32f10x_sdio.o
LOAD out/stm32f10x_spi.o
LOAD out/stm32f10x_tim.o
LOAD out/stm32f10x_usart.o
LOAD out/stm32f10x_wwdg.o
LOAD out/core_cm3.o
LOAD out/KamodMEMS2.o
LOAD out/KamodRGB.o
LOAD out/main.o
LOAD out/stm32-P107.o
LOAD /home/reymondo/CodeSourcery/Sourcery_G++_Lite/bin/../lib/gcc/arm-none-eabi/4.5.2/../../../../arm-none-eabi/lib/thumb2/libstdc++.a
LOAD /home/reymondo/CodeSourcery/Sourcery_G++_Lite/bin/../lib/gcc/arm-none-eabi/4.5.2/../../../../arm-none-eabi/lib/thumb2/libm.a
START GROUP
LOAD /home/reymondo/CodeSourcery/Sourcery_G++_Lite/bin/../lib/gcc/arm-none-eabi/4.5.2/thumb2/libgcc.a
LOAD /home/reymondo/CodeSourcery/Sourcery_G++_Lite/bin/../lib/gcc/arm-none-eabi/4.5.2/../../../../arm-none-eabi/lib/thumb2/libc.a
END GROUP
LOAD /home/reymondo/CodeSourcery/Sourcery_G++_Lite/bin/../lib/gcc/arm-none-eabi/4.5.2/thumb2/crtend.o
LOAD /home/reymondo/CodeSourcery/Sourcery_G++_Lite/bin/../lib/gcc/arm-none-eabi/4.5.2/thumb2/crtn.o
                0x00000400                __Stack_Size = 0x400
                0x00000400                PROVIDE (_Stack_Size, __Stack_Size)
                0x2000fbff                __Stack_Init = (_estack - __Stack_Size)
                0x2000fbff                PROVIDE (_Stack_Init, __Stack_Init)
                0x00000100                _Minimum_Stack_Size = 0x100
                0x2000ffff                _estack = 0x2000ffff

.isr_vector     0x08000000      0x1e4
                0x08000000                . = ALIGN (0x4)
 *(.isr_vector)
 .isr_vector    0x08000000      0x1e4 out/startup_stm32f10x_cl.o
                0x08000000                g_pfnVectors
                0x080001e4                . = ALIGN (0x4)

.text           0x080001e4     0x1ac8
                0x080001e4                . = ALIGN (0x4)
 *(.text)
 *(.text.*)
 .text.Reset_Handler
                0x080001e4       0x44 out/startup_stm32f10x_cl.o
                0x080001e4                Reset_Handler
 .text.Default_Handler
                0x08000228        0x2 out/startup_stm32f10x_cl.o
                0x08000228                EXTI2_IRQHandler
                0x08000228                TIM1_CC_IRQHandler
                0x08000228                TIM6_IRQHandler
                0x08000228                PVD_IRQHandler
                0x08000228                CAN2_RX1_IRQHandler
                0x08000228                EXTI3_IRQHandler
                0x08000228                EXTI0_IRQHandler
                0x08000228                I2C2_EV_IRQHandler
                0x08000228                CAN1_RX0_IRQHandler
                0x08000228                CAN2_SCE_IRQHandler
                0x08000228                ADC1_2_IRQHandler
                0x08000228                SPI1_IRQHandler
                0x08000228                TAMPER_IRQHandler
                0x08000228                CAN2_RX0_IRQHandler
                0x08000228                DMA2_Channel2_IRQHandler
                0x08000228                DMA1_Channel4_IRQHandler
                0x08000228                USART3_IRQHandler
                0x08000228                RTC_IRQHandler
                0x08000228                DMA1_Channel7_IRQHandler
                0x08000228                CAN1_RX1_IRQHandler
                0x08000228                UART5_IRQHandler
                0x08000228                TIM4_IRQHandler
                0x08000228                DMA2_Channel1_IRQHandler
                0x08000228                I2C1_EV_IRQHandler
                0x08000228                DMA1_Channel6_IRQHandler
                0x08000228                UART4_IRQHandler
                0x08000228                DMA2_Channel4_IRQHandler
                0x08000228                TIM3_IRQHandler
                0x08000228                RCC_IRQHandler
                0x08000228                TIM1_TRG_COM_IRQHandler
                0x08000228                DMA1_Channel1_IRQHandler
                0x08000228                Default_Handler
                0x08000228                EXTI15_10_IRQHandler
                0x08000228                TIM7_IRQHandler
                0x08000228                CAN2_TX_IRQHandler
                0x08000228                TIM5_IRQHandler
                0x08000228                EXTI9_5_IRQHandler
                0x08000228                ETH_WKUP_IRQHandler
                0x08000228                SPI2_IRQHandler
                0x08000228                CAN1_TX_IRQHandler
                0x08000228                DMA2_Channel5_IRQHandler
                0x08000228                DMA1_Channel5_IRQHandler
                0x08000228                EXTI4_IRQHandler
                0x08000228                DMA1_Channel3_IRQHandler
                0x08000228                ETH_IRQHandler
                0x08000228                TIM1_UP_IRQHandler
                0x08000228                WWDG_IRQHandler
                0x08000228                TIM2_IRQHandler
                0x08000228                OTG_FS_WKUP_IRQHandler
                0x08000228                TIM1_BRK_IRQHandler
                0x08000228                EXTI1_IRQHandler
                0x08000228                RTCAlarm_IRQHandler
                0x08000228                I2C2_ER_IRQHandler
                0x08000228                DMA1_Channel2_IRQHandler
                0x08000228                CAN1_SCE_IRQHandler
                0x08000228                FLASH_IRQHandler
                0x08000228                USART1_IRQHandler
                0x08000228                OTG_FS_IRQHandler
                0x08000228                SPI3_IRQHandler
                0x08000228                I2C1_ER_IRQHandler
                0x08000228                DMA2_Channel3_IRQHandler
 *fill*         0x0800022a        0x2 00
 .text.NMI_Handler
                0x0800022c        0xc out/stm32f10x_it.o
                0x0800022c                NMI_Handler
 .text.HardFault_Handler
                0x08000238        0x8 out/stm32f10x_it.o
                0x08000238                HardFault_Handler
 .text.MemManage_Handler
                0x08000240        0x8 out/stm32f10x_it.o
                0x08000240                MemManage_Handler
 .text.BusFault_Handler
                0x08000248        0x8 out/stm32f10x_it.o
                0x08000248                BusFault_Handler
 .text.UsageFault_Handler
                0x08000250        0x8 out/stm32f10x_it.o
                0x08000250                UsageFault_Handler
 .text.SVC_Handler
                0x08000258        0xc out/stm32f10x_it.o
                0x08000258                SVC_Handler
 .text.DebugMon_Handler
                0x08000264        0xc out/stm32f10x_it.o
                0x08000264                DebugMon_Handler
 .text.PendSV_Handler
                0x08000270        0xc out/stm32f10x_it.o
                0x08000270                PendSV_Handler
 .text.SystemInit
                0x0800027c       0x7c out/system_stm32f10x.o
                0x0800027c                SystemInit
 .text.SetSysClock
                0x080002f8        0xc out/system_stm32f10x.o
 .text.SetSysClockTo72
                0x08000304      0x144 out/system_stm32f10x.o
 .text.NVIC_Init
                0x08000448       0xd8 out/misc.o
                0x08000448                NVIC_Init
 .text.GPIO_Init
                0x08000520      0x1c0 out/stm32f10x_gpio.o
                0x08000520                GPIO_Init
 .text.GPIO_ReadInputDataBit
                0x080006e0       0x3c out/stm32f10x_gpio.o
                0x080006e0                GPIO_ReadInputDataBit
 .text.GPIO_SetBits
                0x0800071c       0x1c out/stm32f10x_gpio.o
                0x0800071c                GPIO_SetBits
 .text.GPIO_ResetBits
                0x08000738       0x1c out/stm32f10x_gpio.o
                0x08000738                GPIO_ResetBits
 .text.GPIO_PinRemapConfig
                0x08000754      0x104 out/stm32f10x_gpio.o
                0x08000754                GPIO_PinRemapConfig
 .text.I2C_Init
                0x08000858      0x1b0 out/stm32f10x_i2c.o
                0x08000858                I2C_Init
 .text.I2C_Cmd  0x08000a08       0x40 out/stm32f10x_i2c.o
                0x08000a08                I2C_Cmd
 .text.I2C_GenerateSTART
                0x08000a48       0x40 out/stm32f10x_i2c.o
                0x08000a48                I2C_GenerateSTART
 .text.I2C_GenerateSTOP
                0x08000a88       0x40 out/stm32f10x_i2c.o
                0x08000a88                I2C_GenerateSTOP
 .text.I2C_SendData
                0x08000ac8       0x20 out/stm32f10x_i2c.o
                0x08000ac8                I2C_SendData
 .text.I2C_Send7bitAddress
                0x08000ae8       0x3c out/stm32f10x_i2c.o
                0x08000ae8                I2C_Send7bitAddress
 .text.I2C_CheckEvent
                0x08000b24       0x70 out/stm32f10x_i2c.o
                0x08000b24                I2C_CheckEvent
 .text.RCC_GetClocksFreq
                0x08000b94      0x1f8 out/stm32f10x_rcc.o
                0x08000b94                RCC_GetClocksFreq
 .text.RCC_APB2PeriphClockCmd
                0x08000d8c       0x44 out/stm32f10x_rcc.o
                0x08000d8c                RCC_APB2PeriphClockCmd
 .text.RCC_APB1PeriphClockCmd
                0x08000dd0       0x44 out/stm32f10x_rcc.o
                0x08000dd0                RCC_APB1PeriphClockCmd
 .text.USART_Init
                0x08000e14      0x1b0 out/stm32f10x_usart.o
                0x08000e14                USART_Init
 .text.USART_ClockInit
                0x08000fc4       0x60 out/stm32f10x_usart.o
                0x08000fc4                USART_ClockInit
 .text.USART_ClockStructInit
                0x08001024       0x34 out/stm32f10x_usart.o
                0x08001024                USART_ClockStructInit
 .text.USART_Cmd
                0x08001058       0x40 out/stm32f10x_usart.o
                0x08001058                USART_Cmd
 .text.USART_ITConfig
                0x08001098       0xa8 out/stm32f10x_usart.o
                0x08001098                USART_ITConfig
 .text.USART_SendData
                0x08001140       0x28 out/stm32f10x_usart.o
                0x08001140                USART_SendData
 .text.USART_ReceiveData
                0x08001168       0x24 out/stm32f10x_usart.o
                0x08001168                USART_ReceiveData
 .text.USART_GetFlagStatus
                0x0800118c       0x40 out/stm32f10x_usart.o
                0x0800118c                USART_GetFlagStatus
 .text.USART_GetITStatus
                0x080011cc       0xcc out/stm32f10x_usart.o
                0x080011cc                USART_GetITStatus
 .text._ZN10KamodMEMS2C2Eh3I2C
                0x08001298       0x34 out/KamodMEMS2.o
                0x08001298                _ZN10KamodMEMS2C1Eh3I2C
                0x08001298                _ZN10KamodMEMS2C2Eh3I2C
 .text._ZN10KamodMEMS24initEh3I2C
                0x080012cc       0x50 out/KamodMEMS2.o
                0x080012cc                _ZN10KamodMEMS24initEh3I2C
 .text._ZN8KamodRGBC2Eh3I2C
                0x0800131c       0x34 out/KamodRGB.o
                0x0800131c                _ZN8KamodRGBC2Eh3I2C
                0x0800131c                _ZN8KamodRGBC1Eh3I2C
 .text._ZN8KamodRGB4initEh3I2C
                0x08001350       0xbc out/KamodRGB.o
                0x08001350                _ZN8KamodRGB4initEh3I2C
 .text._ZN8KamodRGB5lightE14KamodRGBColorsh
                0x0800140c       0x38 out/KamodRGB.o
                0x0800140c                _ZN8KamodRGB5lightE14KamodRGBColorsh
 .text.NVIC_SetPriority
                0x08001444       0x58 out/main.o
 .text.SysTick_Config
                0x0800149c       0x54 out/main.o
 .text.main     0x080014f0      0x154 out/main.o
                0x080014f0                main
 .text.SysTick_Handler
                0x08001644       0x1c out/main.o
                0x08001644                SysTick_Handler
 .text._ZN3LED4initE5ELEDs
                0x08001660       0x68 out/stm32-P107.o
                0x08001660                _ZN3LED4initE5ELEDs
 .text._ZN3LED2OnEv
                0x080016c8       0x20 out/stm32-P107.o
                0x080016c8                _ZN3LED2OnEv
 .text._ZN3LED3OffEv
                0x080016e8       0x20 out/stm32-P107.o
                0x080016e8                _ZN3LED3OffEv
 .text._ZN3LED6ToggleEv
                0x08001708       0x40 out/stm32-P107.o
                0x08001708                _ZN3LED6ToggleEv
 .text._ZN5USART4initEh
                0x08001748      0x170 out/stm32-P107.o
                0x08001748                _ZN5USART4initEh
 .text._ZN5USART8sendCharEc
                0x080018b8       0x44 out/stm32-P107.o
                0x080018b8                _ZN5USART8sendCharEc
 .text._ZN5USART8readCharEv
                0x080018fc       0x20 out/stm32-P107.o
                0x080018fc                _ZN5USART8readCharEv
 .text._ZN5USART10sendStringEPKc
                0x0800191c       0x48 out/stm32-P107.o
                0x0800191c                _ZN5USART10sendStringEPKc
 .text._ZN5USART14recCharHandlerEc
                0x08001964       0xc0 out/stm32-P107.o
                0x08001964                _ZN5USART14recCharHandlerEc
 .text.USART2_IRQHandler
                0x08001a24       0x50 out/stm32-P107.o
                0x08001a24                USART2_IRQHandler
 .text._ZN3I2CC2Ev
                0x08001a74       0x18 out/stm32-P107.o
                0x08001a74                _ZN3I2CC1Ev
                0x08001a74                _ZN3I2CC2Ev
 .text._ZN3I2CC2Eh
                0x08001a8c       0x24 out/stm32-P107.o
                0x08001a8c                _ZN3I2CC1Eh
                0x08001a8c                _ZN3I2CC2Eh
 .text._ZN3I2C4initEh
                0x08001ab0       0xd8 out/stm32-P107.o
                0x08001ab0                _ZN3I2C4initEh
 .text._ZN3I2C9sendBytesEhPhh
                0x08001b88       0xe4 out/stm32-P107.o
                0x08001b88                _ZN3I2C9sendBytesEhPhh
 *(.rodata)
 .rodata        0x08001c6c       0x20 out/main.o
 .rodata        0x08001c8c       0x14 out/stm32-P107.o
 *(.rodata*)
 .rodata._ZZN10KamodMEMS24initEh3I2CE3C.0
                0x08001ca0        0x4 out/KamodMEMS2.o
 .rodata._ZZN8KamodRGB4initEh3I2CE3C.0
                0x08001ca4        0x8 out/KamodRGB.o
 *(.glue_7)
 .glue_7        0x00000000        0x0 linker stubs
 *(.glue_7t)
 .glue_7t       0x00000000        0x0 linker stubs
                0x08001cac                . = ALIGN (0x4)
                0x08001cac                _etext = .
                0x08001cac                _sidata = _etext

.vfp11_veneer   0x08001cac        0x0
 .vfp11_veneer  0x00000000        0x0 linker stubs

.v4_bx          0x08001cac        0x0
 .v4_bx         0x00000000        0x0 linker stubs

.data           0x20000000       0x14 load address 0x08001cac
                0x20000000                . = ALIGN (0x4)
                0x20000000                _sdata = .
 *(.data)
 *(.data.*)
 .data.APBAHBPrescTable
                0x20000000       0x10 out/stm32f10x_rcc.o
 .data.ADCPrescTable
                0x20000010        0x4 out/stm32f10x_rcc.o
                0x20000014                . = ALIGN (0x4)
                0x20000014                _edata = .

.bss            0x20000014        0x0
                0x20000014                . = ALIGN (0x4)
                0x20000014                _sbss = .
 *(.bss)
 *(COMMON)
                0x20000014                . = ALIGN (0x4)
                0x20000014                _ebss = .
                0x20000014                PROVIDE (end, _ebss)
                0x20000014                PROVIDE (_end, _ebss)

.bss.GreenLED   0x20000014        0x4 load address 0x08001cc0
 .bss.GreenLED  0x20000014        0x4 out/main.o
                0x20000014                GreenLED

.bss.YellowLED  0x20000018        0x4 load address 0x08001cc4
 .bss.YellowLED
                0x20000018        0x4 out/main.o
                0x20000018                YellowLED

.bss.Console    0x2000001c       0x4c load address 0x08001cc8
 .bss.Console   0x2000001c       0x4c out/main.o
                0x2000001c                Console

._usrstack      0x20000068      0x100 load address 0x08001d14
                0x20000068                . = ALIGN (0x4)
                0x20000068                _susrstack = .
                0x20000168                . = (. + _Minimum_Stack_Size)
 *fill*         0x20000068      0x100 00
                0x20000168                . = ALIGN (0x4)
                0x20000168                _eusrstack = .

DISCARD
 libc.a(*)
 libm.a(*)
 libgcc.a(*)

.stab
 *(.stab)

.stabstr
 *(.stabstr)

.stab.excl
 *(.stab.excl)

.stab.exclstr
 *(.stab.exclstr)

.stab.index
 *(.stab.index)

.stab.indexstr
 *(.stab.indexstr)

.ARM.attributes
                0x00000000       0x25
 .ARM.attributes
                0x00000000       0x19 /home/reymondo/CodeSourcery/Sourcery_G++_Lite/bin/../lib/gcc/arm-none-eabi/4.5.2/thumb2/crti.o
 .ARM.attributes
                0x00000019       0x29 /home/reymondo/CodeSourcery/Sourcery_G++_Lite/bin/../lib/gcc/arm-none-eabi/4.5.2/thumb2/crtbegin.o
 .ARM.attributes
                0x00000042       0x21 out/startup_stm32f10x_cl.o
 .ARM.attributes
                0x00000063       0x31 out/stm32f10x_it.o
 .ARM.attributes
                0x00000094       0x31 out/system_stm32f10x.o
 .ARM.attributes
                0x000000c5       0x31 out/misc.o
 .ARM.attributes
                0x000000f6       0x31 out/stm32f10x_adc.o
 .ARM.attributes
                0x00000127       0x31 out/stm32f10x_bkp.o
 .ARM.attributes
                0x00000158       0x31 out/stm32f10x_can.o
 .ARM.attributes
                0x00000189       0x31 out/stm32f10x_cec.o
 .ARM.attributes
                0x000001ba       0x31 out/stm32f10x_crc.o
 .ARM.attributes
                0x000001eb       0x31 out/stm32f10x_dac.o
 .ARM.attributes
                0x0000021c       0x31 out/stm32f10x_dbgmcu.o
 .ARM.attributes
                0x0000024d       0x31 out/stm32f10x_dma.o
 .ARM.attributes
                0x0000027e       0x31 out/stm32f10x_exti.o
 .ARM.attributes
                0x000002af       0x31 out/stm32f10x_flash.o
 .ARM.attributes
                0x000002e0       0x31 out/stm32f10x_fsmc.o
 .ARM.attributes
                0x00000311       0x31 out/stm32f10x_gpio.o
 .ARM.attributes
                0x00000342       0x31 out/stm32f10x_i2c.o
 .ARM.attributes
                0x00000373       0x31 out/stm32f10x_iwdg.o
 .ARM.attributes
                0x000003a4       0x31 out/stm32f10x_pwr.o
 .ARM.attributes
                0x000003d5       0x31 out/stm32f10x_rcc.o
 .ARM.attributes
                0x00000406       0x31 out/stm32f10x_rtc.o
 .ARM.attributes
                0x00000437       0x31 out/stm32f10x_sdio.o
 .ARM.attributes
                0x00000468       0x31 out/stm32f10x_spi.o
 .ARM.attributes
                0x00000499       0x31 out/stm32f10x_tim.o
 .ARM.attributes
                0x000004ca       0x31 out/stm32f10x_usart.o
 .ARM.attributes
                0x000004fb       0x31 out/stm32f10x_wwdg.o
 .ARM.attributes
                0x0000052c       0x31 out/core_cm3.o
 .ARM.attributes
                0x0000055d       0x31 out/KamodMEMS2.o
 .ARM.attributes
                0x0000058e       0x31 out/KamodRGB.o
 .ARM.attributes
                0x000005bf       0x31 out/main.o
 .ARM.attributes
                0x000005f0       0x31 out/stm32-P107.o
 .ARM.attributes
                0x00000621       0x29 /home/reymondo/CodeSourcery/Sourcery_G++_Lite/bin/../lib/gcc/arm-none-eabi/4.5.2/thumb2/crtend.o
 .ARM.attributes
                0x0000064a       0x19 /home/reymondo/CodeSourcery/Sourcery_G++_Lite/bin/../lib/gcc/arm-none-eabi/4.5.2/thumb2/crtn.o

.comment        0x00000000       0x2a
 *(.comment)
 .comment       0x00000000       0x2a out/stm32f10x_it.o
                                 0x2b (size before relaxing)
 .comment       0x00000000       0x2b out/system_stm32f10x.o
 .comment       0x00000000       0x2b out/misc.o
 .comment       0x00000000       0x2b out/stm32f10x_adc.o
 .comment       0x00000000       0x2b out/stm32f10x_bkp.o
 .comment       0x00000000       0x2b out/stm32f10x_can.o
 .comment       0x00000000       0x2b out/stm32f10x_cec.o
 .comment       0x00000000       0x2b out/stm32f10x_crc.o
 .comment       0x00000000       0x2b out/stm32f10x_dac.o
 .comment       0x00000000       0x2b out/stm32f10x_dbgmcu.o
 .comment       0x00000000       0x2b out/stm32f10x_dma.o
 .comment       0x00000000       0x2b out/stm32f10x_exti.o
 .comment       0x00000000       0x2b out/stm32f10x_flash.o
 .comment       0x00000000       0x2b out/stm32f10x_fsmc.o
 .comment       0x00000000       0x2b out/stm32f10x_gpio.o
 .comment       0x00000000       0x2b out/stm32f10x_i2c.o
 .comment       0x00000000       0x2b out/stm32f10x_iwdg.o
 .comment       0x00000000       0x2b out/stm32f10x_pwr.o
 .comment       0x00000000       0x2b out/stm32f10x_rcc.o
 .comment       0x00000000       0x2b out/stm32f10x_rtc.o
 .comment       0x00000000       0x2b out/stm32f10x_sdio.o
 .comment       0x00000000       0x2b out/stm32f10x_spi.o
 .comment       0x00000000       0x2b out/stm32f10x_tim.o
 .comment       0x00000000       0x2b out/stm32f10x_usart.o
 .comment       0x00000000       0x2b out/stm32f10x_wwdg.o
 .comment       0x00000000       0x2b out/core_cm3.o
 .comment       0x00000000       0x2b out/KamodMEMS2.o
 .comment       0x00000000       0x2b out/KamodRGB.o
 .comment       0x00000000       0x2b out/main.o
 .comment       0x00000000       0x2b out/stm32-P107.o

.debug
 *(.debug)

.line
 *(.line)

.debug_srcinfo
 *(.debug_srcinfo)

.debug_sfnames
 *(.debug_sfnames)

.debug_aranges  0x00000000     0x1430
 *(.debug_aranges)
 .debug_aranges
                0x00000000       0x28 out/startup_stm32f10x_cl.o
 .debug_aranges
                0x00000028       0x58 out/stm32f10x_it.o
 .debug_aranges
                0x00000080       0x38 out/system_stm32f10x.o
 .debug_aranges
                0x000000b8       0x40 out/misc.o
 .debug_aranges
                0x000000f8      0x138 out/stm32f10x_adc.o
 .debug_aranges
                0x00000230       0x78 out/stm32f10x_bkp.o
 .debug_aranges
                0x000002a8       0xe0 out/stm32f10x_can.o
 .debug_aranges
                0x00000388       0x88 out/stm32f10x_cec.o
 .debug_aranges
                0x00000410       0x48 out/stm32f10x_crc.o
 .debug_aranges
                0x00000458       0x78 out/stm32f10x_dac.o
 .debug_aranges
                0x000004d0       0x30 out/stm32f10x_dbgmcu.o
 .debug_aranges
                0x00000500       0x70 out/stm32f10x_dma.o
 .debug_aranges
                0x00000570       0x58 out/stm32f10x_exti.o
 .debug_aranges
                0x000005c8       0xf8 out/stm32f10x_flash.o
 .debug_aranges
                0x000006c0       0xb0 out/stm32f10x_fsmc.o
 .debug_aranges
                0x00000770       0xa8 out/stm32f10x_gpio.o
 .debug_aranges
                0x00000818      0x120 out/stm32f10x_i2c.o
 .debug_aranges
                0x00000938       0x48 out/stm32f10x_iwdg.o
 .debug_aranges
                0x00000980       0x70 out/stm32f10x_pwr.o
 .debug_aranges
                0x000009f0      0x160 out/stm32f10x_rcc.o
 .debug_aranges
                0x00000b50       0x88 out/stm32f10x_rtc.o
 .debug_aranges
                0x00000bd8      0x108 out/stm32f10x_sdio.o
 .debug_aranges
                0x00000ce0       0xd0 out/stm32f10x_spi.o
 .debug_aranges
                0x00000db0      0x2f0 out/stm32f10x_tim.o
 .debug_aranges
                0x000010a0      0x100 out/stm32f10x_usart.o
 .debug_aranges
                0x000011a0       0x58 out/stm32f10x_wwdg.o
 .debug_aranges
                0x000011f8       0xc8 out/core_cm3.o
 .debug_aranges
                0x000012c0       0x38 out/KamodMEMS2.o
 .debug_aranges
                0x000012f8       0x38 out/KamodRGB.o
 .debug_aranges
                0x00001330       0x48 out/main.o
 .debug_aranges
                0x00001378       0xb8 out/stm32-P107.o

.debug_pubnames
                0x00000000     0x3011
 *(.debug_pubnames)
 .debug_pubnames
                0x00000000       0xb2 out/stm32f10x_it.o
 .debug_pubnames
                0x000000b2       0x61 out/system_stm32f10x.o
 .debug_pubnames
                0x00000113       0x89 out/misc.o
 .debug_pubnames
                0x0000019c      0x401 out/stm32f10x_adc.o
 .debug_pubnames
                0x0000059d      0x128 out/stm32f10x_bkp.o
 .debug_pubnames
                0x000006c5      0x208 out/stm32f10x_can.o
 .debug_pubnames
                0x000008cd      0x12b out/stm32f10x_cec.o
 .debug_pubnames
                0x000009f8       0x82 out/stm32f10x_crc.o
 .debug_pubnames
                0x00000a7a      0x116 out/stm32f10x_dac.o
 .debug_pubnames
                0x00000b90       0x4c out/stm32f10x_dbgmcu.o
 .debug_pubnames
                0x00000bdc       0xea out/stm32f10x_dma.o
 .debug_pubnames
                0x00000cc6       0xbb out/stm32f10x_exti.o
 .debug_pubnames
                0x00000d81      0x2f2 out/stm32f10x_flash.o
 .debug_pubnames
                0x00001073      0x1a3 out/stm32f10x_fsmc.o
 .debug_pubnames
                0x00001216      0x19d out/stm32f10x_gpio.o
 .debug_pubnames
                0x000013b3      0x2cb out/stm32f10x_i2c.o
 .debug_pubnames
                0x0000167e       0x91 out/stm32f10x_iwdg.o
 .debug_pubnames
                0x0000170f       0xcb out/stm32f10x_pwr.o
 .debug_pubnames
                0x000017da      0x37e out/stm32f10x_rcc.o
 .debug_pubnames
                0x00001b58      0x136 out/stm32f10x_rtc.o
 .debug_pubnames
                0x00001c8e      0x2ac out/stm32f10x_sdio.o
 .debug_pubnames
                0x00001f3a      0x1f6 out/stm32f10x_spi.o
 .debug_pubnames
                0x00002130      0x7b0 out/stm32f10x_tim.o
 .debug_pubnames
                0x000028e0      0x294 out/stm32f10x_usart.o
 .debug_pubnames
                0x00002b74       0xb0 out/stm32f10x_wwdg.o
 .debug_pubnames
                0x00002c24      0x159 out/core_cm3.o
 .debug_pubnames
                0x00002d7d       0x72 out/KamodMEMS2.o
 .debug_pubnames
                0x00002def       0x67 out/KamodRGB.o
 .debug_pubnames
                0x00002e56       0x56 out/main.o
 .debug_pubnames
                0x00002eac      0x165 out/stm32-P107.o

.debug_info     0x00000000     0xe711
 *(.debug_info .gnu.linkonce.wi.*)
 .debug_info    0x00000000       0x63 out/startup_stm32f10x_cl.o
 .debug_info    0x00000063      0x13d out/stm32f10x_it.o
 .debug_info    0x000001a0      0x502 out/system_stm32f10x.o
 .debug_info    0x000006a2      0x54e out/misc.o
 .debug_info    0x00000bf0      0xc16 out/stm32f10x_adc.o
 .debug_info    0x00001806      0x881 out/stm32f10x_bkp.o
 .debug_info    0x00002087      0xc5f out/stm32f10x_can.o
 .debug_info    0x00002ce6      0x444 out/stm32f10x_cec.o
 .debug_info    0x0000312a      0x208 out/stm32f10x_crc.o
 .debug_info    0x00003332      0x4e0 out/stm32f10x_dac.o
 .debug_info    0x00003812      0x162 out/stm32f10x_dbgmcu.o
 .debug_info    0x00003974      0x4aa out/stm32f10x_dma.o
 .debug_info    0x00003e1e      0x369 out/stm32f10x_exti.o
 .debug_info    0x00004187      0x821 out/stm32f10x_flash.o
 .debug_info    0x000049a8      0x9a1 out/stm32f10x_fsmc.o
 .debug_info    0x00005349      0x72b out/stm32f10x_gpio.o
 .debug_info    0x00005a74      0xb9c out/stm32f10x_i2c.o
 .debug_info    0x00006610      0x208 out/stm32f10x_iwdg.o
 .debug_info    0x00006818      0x463 out/stm32f10x_pwr.o
 .debug_info    0x00006c7b      0xb37 out/stm32f10x_rcc.o
 .debug_info    0x000077b2      0x472 out/stm32f10x_rtc.o
 .debug_info    0x00007c24      0x897 out/stm32f10x_sdio.o
 .debug_info    0x000084bb      0xa47 out/stm32f10x_spi.o
 .debug_info    0x00008f02     0x1e20 out/stm32f10x_tim.o
 .debug_info    0x0000ad22      0xa74 out/stm32f10x_usart.o
 .debug_info    0x0000b796      0x23d out/stm32f10x_wwdg.o
 .debug_info    0x0000b9d3      0x550 out/core_cm3.o
 .debug_info    0x0000bf23      0x4ec out/KamodMEMS2.o
 .debug_info    0x0000c40f      0x536 out/KamodRGB.o
 .debug_info    0x0000c945      0xdfd out/main.o
 .debug_info    0x0000d742      0xfcf out/stm32-P107.o

.debug_abbrev   0x00000000     0x2bd6
 *(.debug_abbrev)
 .debug_abbrev  0x00000000       0x12 out/startup_stm32f10x_cl.o
 .debug_abbrev  0x00000012       0x5b out/stm32f10x_it.o
 .debug_abbrev  0x0000006d      0x182 out/system_stm32f10x.o
 .debug_abbrev  0x000001ef      0x139 out/misc.o
 .debug_abbrev  0x00000328      0x178 out/stm32f10x_adc.o
 .debug_abbrev  0x000004a0      0x15a out/stm32f10x_bkp.o
 .debug_abbrev  0x000005fa      0x1b0 out/stm32f10x_can.o
 .debug_abbrev  0x000007aa      0x18d out/stm32f10x_cec.o
 .debug_abbrev  0x00000937      0x10e out/stm32f10x_crc.o
 .debug_abbrev  0x00000a45      0x16d out/stm32f10x_dac.o
 .debug_abbrev  0x00000bb2       0xde out/stm32f10x_dbgmcu.o
 .debug_abbrev  0x00000c90      0x152 out/stm32f10x_dma.o
 .debug_abbrev  0x00000de2      0x14e out/stm32f10x_exti.o
 .debug_abbrev  0x00000f30      0x166 out/stm32f10x_flash.o
 .debug_abbrev  0x00001096      0x16a out/stm32f10x_fsmc.o
 .debug_abbrev  0x00001200      0x1a8 out/stm32f10x_gpio.o
 .debug_abbrev  0x000013a8      0x161 out/stm32f10x_i2c.o
 .debug_abbrev  0x00001509       0xfe out/stm32f10x_iwdg.o
 .debug_abbrev  0x00001607      0x188 out/stm32f10x_pwr.o
 .debug_abbrev  0x0000178f      0x195 out/stm32f10x_rcc.o
 .debug_abbrev  0x00001924      0x16a out/stm32f10x_rtc.o
 .debug_abbrev  0x00001a8e      0x1a6 out/stm32f10x_sdio.o
 .debug_abbrev  0x00001c34      0x161 out/stm32f10x_spi.o
 .debug_abbrev  0x00001d95      0x176 out/stm32f10x_tim.o
 .debug_abbrev  0x00001f0b      0x15f out/stm32f10x_usart.o
 .debug_abbrev  0x0000206a       0xfc out/stm32f10x_wwdg.o
 .debug_abbrev  0x00002166       0xd9 out/core_cm3.o
 .debug_abbrev  0x0000223f      0x1fb out/KamodMEMS2.o
 .debug_abbrev  0x0000243a      0x205 out/KamodRGB.o
 .debug_abbrev  0x0000263f      0x2bb out/main.o
 .debug_abbrev  0x000028fa      0x2dc out/stm32-P107.o

.debug_line     0x00000000     0x859f
 *(.debug_line)
 .debug_line    0x00000000       0x6b out/startup_stm32f10x_cl.o
 .debug_line    0x0000006b      0x32d out/stm32f10x_it.o
 .debug_line    0x00000398      0x340 out/system_stm32f10x.o
 .debug_line    0x000006d8      0x323 out/misc.o
 .debug_line    0x000009fb      0x60c out/stm32f10x_adc.o
 .debug_line    0x00001007      0x3ba out/stm32f10x_bkp.o
 .debug_line    0x000013c1      0x654 out/stm32f10x_can.o
 .debug_line    0x00001a15      0x3fa out/stm32f10x_cec.o
 .debug_line    0x00001e0f      0x353 out/stm32f10x_crc.o
 .debug_line    0x00002162      0x3d1 out/stm32f10x_dac.o
 .debug_line    0x00002533      0x311 out/stm32f10x_dbgmcu.o
 .debug_line    0x00002844      0x3ec out/stm32f10x_dma.o
 .debug_line    0x00002c30      0x379 out/stm32f10x_exti.o
 .debug_line    0x00002fa9      0x5c2 out/stm32f10x_flash.o
 .debug_line    0x0000356b      0x53c out/stm32f10x_fsmc.o
 .debug_line    0x00003aa7      0x483 out/stm32f10x_gpio.o
 .debug_line    0x00003f2a      0x59a out/stm32f10x_i2c.o
 .debug_line    0x000044c4      0x345 out/stm32f10x_iwdg.o
 .debug_line    0x00004809      0x3b0 out/stm32f10x_pwr.o
 .debug_line    0x00004bb9      0x656 out/stm32f10x_rcc.o
 .debug_line    0x0000520f      0x3fe out/stm32f10x_rtc.o
 .debug_line    0x0000560d      0x534 out/stm32f10x_sdio.o
 .debug_line    0x00005b41      0x507 out/stm32f10x_spi.o
 .debug_line    0x00006048      0xb64 out/stm32f10x_tim.o
 .debug_line    0x00006bac      0x55b out/stm32f10x_usart.o
 .debug_line    0x00007107      0x36c out/stm32f10x_wwdg.o
 .debug_line    0x00007473      0x2f0 out/core_cm3.o
 .debug_line    0x00007763      0x2f4 out/KamodMEMS2.o
 .debug_line    0x00007a57      0x303 out/KamodRGB.o
 .debug_line    0x00007d5a      0x36e out/main.o
 .debug_line    0x000080c8      0x4d7 out/stm32-P107.o

.debug_frame    0x00000000     0x3f2c
 *(.debug_frame)
 .debug_frame   0x00000000       0xf0 out/stm32f10x_it.o
 .debug_frame   0x000000f0       0x80 out/system_stm32f10x.o
 .debug_frame   0x00000170       0x9c out/misc.o
 .debug_frame   0x0000020c      0x404 out/stm32f10x_adc.o
 .debug_frame   0x00000610      0x160 out/stm32f10x_bkp.o
 .debug_frame   0x00000770      0x2d4 out/stm32f10x_can.o
 .debug_frame   0x00000a44      0x198 out/stm32f10x_cec.o
 .debug_frame   0x00000bdc       0xb8 out/stm32f10x_crc.o
 .debug_frame   0x00000c94      0x160 out/stm32f10x_dac.o
 .debug_frame   0x00000df4       0x64 out/stm32f10x_dbgmcu.o
 .debug_frame   0x00000e58      0x144 out/stm32f10x_dma.o
 .debug_frame   0x00000f9c       0xf0 out/stm32f10x_exti.o
 .debug_frame   0x0000108c      0x350 out/stm32f10x_flash.o
 .debug_frame   0x000013dc      0x224 out/stm32f10x_fsmc.o
 .debug_frame   0x00001600      0x210 out/stm32f10x_gpio.o
 .debug_frame   0x00001810      0x3b4 out/stm32f10x_i2c.o
 .debug_frame   0x00001bc4       0xb8 out/stm32f10x_iwdg.o
 .debug_frame   0x00001c7c      0x148 out/stm32f10x_pwr.o
 .debug_frame   0x00001dc4      0x490 out/stm32f10x_rcc.o
 .debug_frame   0x00002254      0x1a4 out/stm32f10x_rtc.o
 .debug_frame   0x000023f8      0x358 out/stm32f10x_sdio.o
 .debug_frame   0x00002750      0x29c out/stm32f10x_spi.o
 .debug_frame   0x000029ec      0xa20 out/stm32f10x_tim.o
 .debug_frame   0x0000340c      0x344 out/stm32f10x_usart.o
 .debug_frame   0x00003750       0xf0 out/stm32f10x_wwdg.o
 .debug_frame   0x00003840      0x280 out/core_cm3.o
 .debug_frame   0x00003ac0       0x90 out/KamodMEMS2.o
 .debug_frame   0x00003b50       0x90 out/KamodRGB.o
 .debug_frame   0x00003be0       0xc4 out/main.o
 .debug_frame   0x00003ca4      0x288 out/stm32-P107.o

.debug_str      0x00000000     0x57e5
 *(.debug_str)
 .debug_str     0x00000000      0x11f out/stm32f10x_it.o
                                0x153 (size before relaxing)
 .debug_str     0x0000011f      0x1d2 out/system_stm32f10x.o
                                0x2b4 (size before relaxing)
 .debug_str     0x000002f1      0x221 out/misc.o
                                0x350 (size before relaxing)
 .debug_str     0x00000512      0x549 out/stm32f10x_adc.o
                                0x688 (size before relaxing)
 .debug_str     0x00000a5b      0x3d3 out/stm32f10x_bkp.o
                                0x542 (size before relaxing)
 .debug_str     0x00000e2e      0x533 out/stm32f10x_can.o
                                0x6bb (size before relaxing)
 .debug_str     0x00001361      0x1bb out/stm32f10x_cec.o
                                0x303 (size before relaxing)
 .debug_str     0x0000151c       0xd1 out/stm32f10x_crc.o
                                0x1c8 (size before relaxing)
 .debug_str     0x000015ed      0x221 out/stm32f10x_dac.o
                                0x33c (size before relaxing)
 .debug_str     0x0000180e       0x9f out/stm32f10x_dbgmcu.o
                                0x194 (size before relaxing)
 .debug_str     0x000018ad      0x225 out/stm32f10x_dma.o
                                0x34e (size before relaxing)
 .debug_str     0x00001ad2      0x1ce out/stm32f10x_exti.o
                                0x2eb (size before relaxing)
 .debug_str     0x00001ca0      0x40a out/stm32f10x_flash.o
                                0x575 (size before relaxing)
 .debug_str     0x000020aa      0x5dc out/stm32f10x_fsmc.o
                                0x711 (size before relaxing)
 .debug_str     0x00002686      0x385 out/stm32f10x_gpio.o
                                0x4a6 (size before relaxing)
 .debug_str     0x00002a0b      0x447 out/stm32f10x_i2c.o
                                0x5f3 (size before relaxing)
 .debug_str     0x00002e52       0xe9 out/stm32f10x_iwdg.o
                                0x1e9 (size before relaxing)
 .debug_str     0x00002f3b      0x129 out/stm32f10x_pwr.o
                                0x29f (size before relaxing)
 .debug_str     0x00003064      0x47b out/stm32f10x_rcc.o
                                0x6ef (size before relaxing)
 .debug_str     0x000034df      0x1a1 out/stm32f10x_rtc.o
                                0x32f (size before relaxing)
 .debug_str     0x00003680      0x482 out/stm32f10x_sdio.o
                                0x5c8 (size before relaxing)
 .debug_str     0x00003b02      0x372 out/stm32f10x_spi.o
                                0x5d7 (size before relaxing)
 .debug_str     0x00003e74      0xb03 out/stm32f10x_tim.o
                                0xd6a (size before relaxing)
 .debug_str     0x00004977      0x431 out/stm32f10x_usart.o
                                0x61d (size before relaxing)
 .debug_str     0x00004da8       0xe5 out/stm32f10x_wwdg.o
                                0x1f5 (size before relaxing)
 .debug_str     0x00004e8d      0x16e out/core_cm3.o
                                0x256 (size before relaxing)
 .debug_str     0x00004ffb      0x130 out/KamodMEMS2.o
                                0x27e (size before relaxing)
 .debug_str     0x0000512b       0x87 out/KamodRGB.o
                                0x27c (size before relaxing)
 .debug_str     0x000051b2      0x5ad out/main.o
                                0x970 (size before relaxing)
 .debug_str     0x0000575f       0x86 out/stm32-P107.o
                                0xaad (size before relaxing)

.debug_loc      0x00000000     0x74e4
 *(.debug_loc)
 .debug_loc     0x00000000      0x160 out/stm32f10x_it.o
 .debug_loc     0x00000160       0xc8 out/system_stm32f10x.o
 .debug_loc     0x00000228      0x118 out/misc.o
 .debug_loc     0x00000340      0x7d4 out/stm32f10x_adc.o
 .debug_loc     0x00000b14      0x264 out/stm32f10x_bkp.o
 .debug_loc     0x00000d78      0x578 out/stm32f10x_can.o
 .debug_loc     0x000012f0      0x2ec out/stm32f10x_cec.o
 .debug_loc     0x000015dc      0x12c out/stm32f10x_crc.o
 .debug_loc     0x00001708      0x294 out/stm32f10x_dac.o
 .debug_loc     0x0000199c       0x90 out/stm32f10x_dbgmcu.o
 .debug_loc     0x00001a2c      0x268 out/stm32f10x_dma.o
 .debug_loc     0x00001c94      0x1b4 out/stm32f10x_exti.o
 .debug_loc     0x00001e48      0x5d8 out/stm32f10x_flash.o
 .debug_loc     0x00002420      0x41c out/stm32f10x_fsmc.o
 .debug_loc     0x0000283c      0x3e4 out/stm32f10x_gpio.o
 .debug_loc     0x00002c20      0x738 out/stm32f10x_i2c.o
 .debug_loc     0x00003358      0x138 out/stm32f10x_iwdg.o
 .debug_loc     0x00003490      0x238 out/stm32f10x_pwr.o
 .debug_loc     0x000036c8      0x8d4 out/stm32f10x_rcc.o
 .debug_loc     0x00003f9c      0x2e0 out/stm32f10x_rtc.o
 .debug_loc     0x0000427c      0x648 out/stm32f10x_sdio.o
 .debug_loc     0x000048c4      0x508 out/stm32f10x_spi.o
 .debug_loc     0x00004dcc     0x13e8 out/stm32f10x_tim.o
 .debug_loc     0x000061b4      0x658 out/stm32f10x_usart.o
 .debug_loc     0x0000680c      0x190 out/stm32f10x_wwdg.o
 .debug_loc     0x0000699c      0x3f0 out/core_cm3.o
 .debug_loc     0x00006d8c       0xe0 out/KamodMEMS2.o
 .debug_loc     0x00006e6c       0xe0 out/KamodRGB.o
 .debug_loc     0x00006f4c      0x138 out/main.o
 .debug_loc     0x00007084      0x460 out/stm32-P107.o

.debug_macinfo  0x00000000   0x80b763
 *(.debug_macinfo)
 .debug_macinfo
                0x00000000    0x463c3 out/stm32f10x_it.o
 .debug_macinfo
                0x000463c3    0x463df out/system_stm32f10x.o
 .debug_macinfo
                0x0008c7a2    0x463db out/misc.o
 .debug_macinfo
                0x000d2b7d    0x48baa out/stm32f10x_adc.o
 .debug_macinfo
                0x0011b727    0x47159 out/stm32f10x_bkp.o
 .debug_macinfo
                0x00162880    0x481d4 out/stm32f10x_can.o
 .debug_macinfo
                0x001aaa54    0x46cef out/stm32f10x_cec.o
 .debug_macinfo
                0x001f1743    0x463c4 out/stm32f10x_crc.o
 .debug_macinfo
                0x00237b07    0x47552 out/stm32f10x_dac.o
 .debug_macinfo
                0x0027f059    0x4689a out/stm32f10x_dbgmcu.o
 .debug_macinfo
                0x002c58f3    0x48caa out/stm32f10x_dma.o
 .debug_macinfo
                0x0030e59d    0x463d3 out/stm32f10x_exti.o
 .debug_macinfo
                0x00354970    0x47eec out/stm32f10x_flash.o
 .debug_macinfo
                0x0039c85c    0x47d55 out/stm32f10x_fsmc.o
 .debug_macinfo
                0x003e45b1    0x4660a out/stm32f10x_gpio.o
 .debug_macinfo
                0x0042abbb    0x4688b out/stm32f10x_i2c.o
 .debug_macinfo
                0x00471446    0x467bb out/stm32f10x_iwdg.o
 .debug_macinfo
                0x004b7c01    0x46a92 out/stm32f10x_pwr.o
 .debug_macinfo
                0x004fe693    0x46dd7 out/stm32f10x_rcc.o
 .debug_macinfo
                0x0054546a    0x466ee out/stm32f10x_rtc.o
 .debug_macinfo
                0x0058bb58    0x48a24 out/stm32f10x_sdio.o
 .debug_macinfo
                0x005d457c    0x47e7e out/stm32f10x_spi.o
 .debug_macinfo
                0x0061c3fa    0x46438 out/stm32f10x_tim.o
 .debug_macinfo
                0x00662832    0x467c5 out/stm32f10x_usart.o
 .debug_macinfo
                0x006a8ff7    0x466ca out/stm32f10x_wwdg.o
 .debug_macinfo
                0x006ef6c1     0x2ad8 out/core_cm3.o
 .debug_macinfo
                0x006f2199    0x466bc out/KamodMEMS2.o
 .debug_macinfo
                0x00738855    0x46427 out/KamodRGB.o
 .debug_macinfo
                0x0077ec7c    0x466d5 out/main.o
 .debug_macinfo
                0x007c5351    0x46412 out/stm32-P107.o

.debug_weaknames
 *(.debug_weaknames)

.debug_funcnames
 *(.debug_funcnames)

.debug_typenames
 *(.debug_typenames)

.debug_varnames
 *(.debug_varnames)
OUTPUT(out/TestI2C.elf elf32-littlearm)

.debug_ranges   0x00000000     0x1248
 .debug_ranges  0x00000000       0x20 out/startup_stm32f10x_cl.o
 .debug_ranges  0x00000020       0x48 out/stm32f10x_it.o
 .debug_ranges  0x00000068       0x28 out/system_stm32f10x.o
 .debug_ranges  0x00000090       0x30 out/misc.o
 .debug_ranges  0x000000c0      0x128 out/stm32f10x_adc.o
 .debug_ranges  0x000001e8       0x68 out/stm32f10x_bkp.o
 .debug_ranges  0x00000250       0xd0 out/stm32f10x_can.o
 .debug_ranges  0x00000320       0x78 out/stm32f10x_cec.o
 .debug_ranges  0x00000398       0x38 out/stm32f10x_crc.o
 .debug_ranges  0x000003d0       0x68 out/stm32f10x_dac.o
 .debug_ranges  0x00000438       0x20 out/stm32f10x_dbgmcu.o
 .debug_ranges  0x00000458       0x60 out/stm32f10x_dma.o
 .debug_ranges  0x000004b8       0x48 out/stm32f10x_exti.o
 .debug_ranges  0x00000500       0xe8 out/stm32f10x_flash.o
 .debug_ranges  0x000005e8       0xa0 out/stm32f10x_fsmc.o
 .debug_ranges  0x00000688       0x98 out/stm32f10x_gpio.o
 .debug_ranges  0x00000720      0x110 out/stm32f10x_i2c.o
 .debug_ranges  0x00000830       0x38 out/stm32f10x_iwdg.o
 .debug_ranges  0x00000868       0x60 out/stm32f10x_pwr.o
 .debug_ranges  0x000008c8      0x150 out/stm32f10x_rcc.o
 .debug_ranges  0x00000a18       0x78 out/stm32f10x_rtc.o
 .debug_ranges  0x00000a90       0xf8 out/stm32f10x_sdio.o
 .debug_ranges  0x00000b88       0xc0 out/stm32f10x_spi.o
 .debug_ranges  0x00000c48      0x2e0 out/stm32f10x_tim.o
 .debug_ranges  0x00000f28       0xf0 out/stm32f10x_usart.o
 .debug_ranges  0x00001018       0x48 out/stm32f10x_wwdg.o
 .debug_ranges  0x00001060       0xb8 out/core_cm3.o
 .debug_ranges  0x00001118       0x28 out/KamodMEMS2.o
 .debug_ranges  0x00001140       0x28 out/KamodRGB.o
 .debug_ranges  0x00001168       0x38 out/main.o
 .debug_ranges  0x000011a0       0xa8 out/stm32-P107.o

.debug_pubtypes
                0x00000000     0x10c5
 .debug_pubtypes
                0x00000000       0x12 out/stm32f10x_it.o
 .debug_pubtypes
                0x00000012       0x67 out/system_stm32f10x.o
 .debug_pubtypes
                0x00000079       0x80 out/misc.o
 .debug_pubtypes
                0x000000f9       0x8c out/stm32f10x_adc.o
 .debug_pubtypes
                0x00000185       0x78 out/stm32f10x_bkp.o
 .debug_pubtypes
                0x000001fd      0x115 out/stm32f10x_can.o
 .debug_pubtypes
                0x00000312       0x8c out/stm32f10x_cec.o
 .debug_pubtypes
                0x0000039e       0x48 out/stm32f10x_crc.o
 .debug_pubtypes
                0x000003e6       0x70 out/stm32f10x_dac.o
 .debug_pubtypes
                0x00000456       0x46 out/stm32f10x_dbgmcu.o
 .debug_pubtypes
                0x0000049c       0x98 out/stm32f10x_dma.o
 .debug_pubtypes
                0x00000534       0xa2 out/stm32f10x_exti.o
 .debug_pubtypes
                0x000005d6       0x8d out/stm32f10x_flash.o
 .debug_pubtypes
                0x00000663      0x168 out/stm32f10x_fsmc.o
 .debug_pubtypes
                0x000007cb       0xc3 out/stm32f10x_gpio.o
 .debug_pubtypes
                0x0000088e       0xb2 out/stm32f10x_i2c.o
 .debug_pubtypes
                0x00000940       0x58 out/stm32f10x_iwdg.o
 .debug_pubtypes
                0x00000998       0x78 out/stm32f10x_pwr.o
 .debug_pubtypes
                0x00000a10       0x9e out/stm32f10x_rcc.o
 .debug_pubtypes
                0x00000aae       0x78 out/stm32f10x_rtc.o
 .debug_pubtypes
                0x00000b26       0xb2 out/stm32f10x_sdio.o
 .debug_pubtypes
                0x00000bd8       0xc6 out/stm32f10x_spi.o
 .debug_pubtypes
                0x00000c9e       0xd8 out/stm32f10x_tim.o
 .debug_pubtypes
                0x00000d76       0xc9 out/stm32f10x_usart.o
 .debug_pubtypes
                0x00000e3f       0x4b out/stm32f10x_wwdg.o
 .debug_pubtypes
                0x00000e8a       0x50 out/core_cm3.o
 .debug_pubtypes
                0x00000eda       0x49 out/KamodMEMS2.o
 .debug_pubtypes
                0x00000f23       0x6d out/KamodRGB.o
 .debug_pubtypes
                0x00000f90       0xc6 out/main.o
 .debug_pubtypes
                0x00001056       0x6f out/stm32-P107.o

Cross Reference Table

Symbol                                            File
ADC1_2_IRQHandler                                 out/startup_stm32f10x_cl.o
ADC_AnalogWatchdogCmd                             out/stm32f10x_adc.o
ADC_AnalogWatchdogSingleChannelConfig             out/stm32f10x_adc.o
ADC_AnalogWatchdogThresholdsConfig                out/stm32f10x_adc.o
ADC_AutoInjectedConvCmd                           out/stm32f10x_adc.o
ADC_ClearFlag                                     out/stm32f10x_adc.o
ADC_ClearITPendingBit                             out/stm32f10x_adc.o
ADC_Cmd                                           out/stm32f10x_adc.o
ADC_DMACmd                                        out/stm32f10x_adc.o
ADC_DeInit                                        out/stm32f10x_adc.o
ADC_DiscModeChannelCountConfig                    out/stm32f10x_adc.o
ADC_DiscModeCmd                                   out/stm32f10x_adc.o
ADC_ExternalTrigConvCmd                           out/stm32f10x_adc.o
ADC_ExternalTrigInjectedConvCmd                   out/stm32f10x_adc.o
ADC_ExternalTrigInjectedConvConfig                out/stm32f10x_adc.o
ADC_GetCalibrationStatus                          out/stm32f10x_adc.o
ADC_GetConversionValue                            out/stm32f10x_adc.o
ADC_GetDualModeConversionValue                    out/stm32f10x_adc.o
ADC_GetFlagStatus                                 out/stm32f10x_adc.o
ADC_GetITStatus                                   out/stm32f10x_adc.o
ADC_GetInjectedConversionValue                    out/stm32f10x_adc.o
ADC_GetResetCalibrationStatus                     out/stm32f10x_adc.o
ADC_GetSoftwareStartConvStatus                    out/stm32f10x_adc.o
ADC_GetSoftwareStartInjectedConvCmdStatus         out/stm32f10x_adc.o
ADC_ITConfig                                      out/stm32f10x_adc.o
ADC_Init                                          out/stm32f10x_adc.o
ADC_InjectedChannelConfig                         out/stm32f10x_adc.o
ADC_InjectedDiscModeCmd                           out/stm32f10x_adc.o
ADC_InjectedSequencerLengthConfig                 out/stm32f10x_adc.o
ADC_RegularChannelConfig                          out/stm32f10x_adc.o
ADC_ResetCalibration                              out/stm32f10x_adc.o
ADC_SetInjectedOffset                             out/stm32f10x_adc.o
ADC_SoftwareStartConvCmd                          out/stm32f10x_adc.o
ADC_SoftwareStartInjectedConvCmd                  out/stm32f10x_adc.o
ADC_StartCalibration                              out/stm32f10x_adc.o
ADC_StructInit                                    out/stm32f10x_adc.o
ADC_TempSensorVrefintCmd                          out/stm32f10x_adc.o
AHBPrescTable                                     out/system_stm32f10x.o
BKP_ClearFlag                                     out/stm32f10x_bkp.o
BKP_ClearITPendingBit                             out/stm32f10x_bkp.o
BKP_DeInit                                        out/stm32f10x_bkp.o
BKP_GetFlagStatus                                 out/stm32f10x_bkp.o
BKP_GetITStatus                                   out/stm32f10x_bkp.o
BKP_ITConfig                                      out/stm32f10x_bkp.o
BKP_RTCOutputConfig                               out/stm32f10x_bkp.o
BKP_ReadBackupRegister                            out/stm32f10x_bkp.o
BKP_SetRTCCalibrationValue                        out/stm32f10x_bkp.o
BKP_TamperPinCmd                                  out/stm32f10x_bkp.o
BKP_TamperPinLevelConfig                          out/stm32f10x_bkp.o
BKP_WriteBackupRegister                           out/stm32f10x_bkp.o
BusFault_Handler                                  out/stm32f10x_it.o
                                                  out/startup_stm32f10x_cl.o
CAN1_RX0_IRQHandler                               out/startup_stm32f10x_cl.o
CAN1_RX1_IRQHandler                               out/startup_stm32f10x_cl.o
CAN1_SCE_IRQHandler                               out/startup_stm32f10x_cl.o
CAN1_TX_IRQHandler                                out/startup_stm32f10x_cl.o
CAN2_RX0_IRQHandler                               out/startup_stm32f10x_cl.o
CAN2_RX1_IRQHandler                               out/startup_stm32f10x_cl.o
CAN2_SCE_IRQHandler                               out/startup_stm32f10x_cl.o
CAN2_TX_IRQHandler                                out/startup_stm32f10x_cl.o
CAN_CancelTransmit                                out/stm32f10x_can.o
CAN_ClearFlag                                     out/stm32f10x_can.o
CAN_ClearITPendingBit                             out/stm32f10x_can.o
CAN_DBGFreeze                                     out/stm32f10x_can.o
CAN_DeInit                                        out/stm32f10x_can.o
CAN_FIFORelease                                   out/stm32f10x_can.o
CAN_FilterInit                                    out/stm32f10x_can.o
CAN_GetFlagStatus                                 out/stm32f10x_can.o
CAN_GetITStatus                                   out/stm32f10x_can.o
CAN_GetLSBTransmitErrorCounter                    out/stm32f10x_can.o
CAN_GetLastErrorCode                              out/stm32f10x_can.o
CAN_GetReceiveErrorCounter                        out/stm32f10x_can.o
CAN_ITConfig                                      out/stm32f10x_can.o
CAN_Init                                          out/stm32f10x_can.o
CAN_MessagePending                                out/stm32f10x_can.o
CAN_OperatingModeRequest                          out/stm32f10x_can.o
CAN_Receive                                       out/stm32f10x_can.o
CAN_SlaveStartBank                                out/stm32f10x_can.o
CAN_Sleep                                         out/stm32f10x_can.o
CAN_StructInit                                    out/stm32f10x_can.o
CAN_TTComModeCmd                                  out/stm32f10x_can.o
CAN_Transmit                                      out/stm32f10x_can.o
CAN_TransmitStatus                                out/stm32f10x_can.o
CAN_WakeUp                                        out/stm32f10x_can.o
CEC_ClearFlag                                     out/stm32f10x_cec.o
CEC_ClearITPendingBit                             out/stm32f10x_cec.o
CEC_Cmd                                           out/stm32f10x_cec.o
CEC_DeInit                                        out/stm32f10x_cec.o
CEC_EndOfMessageCmd                               out/stm32f10x_cec.o
CEC_GetFlagStatus                                 out/stm32f10x_cec.o
CEC_GetITStatus                                   out/stm32f10x_cec.o
CEC_ITConfig                                      out/stm32f10x_cec.o
CEC_Init                                          out/stm32f10x_cec.o
CEC_OwnAddressConfig                              out/stm32f10x_cec.o
CEC_ReceiveDataByte                               out/stm32f10x_cec.o
CEC_SendDataByte                                  out/stm32f10x_cec.o
CEC_SetPrescaler                                  out/stm32f10x_cec.o
CEC_StartOfMessage                                out/stm32f10x_cec.o
CRC_CalcBlockCRC                                  out/stm32f10x_crc.o
CRC_CalcCRC                                       out/stm32f10x_crc.o
CRC_GetCRC                                        out/stm32f10x_crc.o
CRC_GetIDRegister                                 out/stm32f10x_crc.o
CRC_ResetDR                                       out/stm32f10x_crc.o
CRC_SetIDRegister                                 out/stm32f10x_crc.o
Console                                           out/main.o
                                                  out/stm32-P107.o
DAC_Cmd                                           out/stm32f10x_dac.o
DAC_DMACmd                                        out/stm32f10x_dac.o
DAC_DeInit                                        out/stm32f10x_dac.o
DAC_DualSoftwareTriggerCmd                        out/stm32f10x_dac.o
DAC_GetDataOutputValue                            out/stm32f10x_dac.o
DAC_Init                                          out/stm32f10x_dac.o
DAC_SetChannel1Data                               out/stm32f10x_dac.o
DAC_SetChannel2Data                               out/stm32f10x_dac.o
DAC_SetDualChannelData                            out/stm32f10x_dac.o
DAC_SoftwareTriggerCmd                            out/stm32f10x_dac.o
DAC_StructInit                                    out/stm32f10x_dac.o
DAC_WaveGenerationCmd                             out/stm32f10x_dac.o
DBGMCU_Config                                     out/stm32f10x_dbgmcu.o
DBGMCU_GetDEVID                                   out/stm32f10x_dbgmcu.o
DBGMCU_GetREVID                                   out/stm32f10x_dbgmcu.o
DMA1_Channel1_IRQHandler                          out/startup_stm32f10x_cl.o
DMA1_Channel2_IRQHandler                          out/startup_stm32f10x_cl.o
DMA1_Channel3_IRQHandler                          out/startup_stm32f10x_cl.o
DMA1_Channel4_IRQHandler                          out/startup_stm32f10x_cl.o
DMA1_Channel5_IRQHandler                          out/startup_stm32f10x_cl.o
DMA1_Channel6_IRQHandler                          out/startup_stm32f10x_cl.o
DMA1_Channel7_IRQHandler                          out/startup_stm32f10x_cl.o
DMA2_Channel1_IRQHandler                          out/startup_stm32f10x_cl.o
DMA2_Channel2_IRQHandler                          out/startup_stm32f10x_cl.o
DMA2_Channel3_IRQHandler                          out/startup_stm32f10x_cl.o
DMA2_Channel4_IRQHandler                          out/startup_stm32f10x_cl.o
DMA2_Channel5_IRQHandler                          out/startup_stm32f10x_cl.o
DMA_ClearFlag                                     out/stm32f10x_dma.o
DMA_ClearITPendingBit                             out/stm32f10x_dma.o
DMA_Cmd                                           out/stm32f10x_dma.o
DMA_DeInit                                        out/stm32f10x_dma.o
DMA_GetCurrDataCounter                            out/stm32f10x_dma.o
DMA_GetFlagStatus                                 out/stm32f10x_dma.o
DMA_GetITStatus                                   out/stm32f10x_dma.o
DMA_ITConfig                                      out/stm32f10x_dma.o
DMA_Init                                          out/stm32f10x_dma.o
DMA_SetCurrDataCounter                            out/stm32f10x_dma.o
DMA_StructInit                                    out/stm32f10x_dma.o
DebugMon_Handler                                  out/stm32f10x_it.o
                                                  out/startup_stm32f10x_cl.o
Default_Handler                                   out/startup_stm32f10x_cl.o
ETH_IRQHandler                                    out/startup_stm32f10x_cl.o
ETH_WKUP_IRQHandler                               out/startup_stm32f10x_cl.o
EXTI0_IRQHandler                                  out/startup_stm32f10x_cl.o
EXTI15_10_IRQHandler                              out/startup_stm32f10x_cl.o
EXTI1_IRQHandler                                  out/startup_stm32f10x_cl.o
EXTI2_IRQHandler                                  out/startup_stm32f10x_cl.o
EXTI3_IRQHandler                                  out/startup_stm32f10x_cl.o
EXTI4_IRQHandler                                  out/startup_stm32f10x_cl.o
EXTI9_5_IRQHandler                                out/startup_stm32f10x_cl.o
EXTI_ClearFlag                                    out/stm32f10x_exti.o
EXTI_ClearITPendingBit                            out/stm32f10x_exti.o
EXTI_DeInit                                       out/stm32f10x_exti.o
EXTI_GenerateSWInterrupt                          out/stm32f10x_exti.o
EXTI_GetFlagStatus                                out/stm32f10x_exti.o
EXTI_GetITStatus                                  out/stm32f10x_exti.o
EXTI_Init                                         out/stm32f10x_exti.o
EXTI_StructInit                                   out/stm32f10x_exti.o
FLASH_ClearFlag                                   out/stm32f10x_flash.o
FLASH_EnableWriteProtection                       out/stm32f10x_flash.o
FLASH_EraseAllBank1Pages                          out/stm32f10x_flash.o
FLASH_EraseAllPages                               out/stm32f10x_flash.o
FLASH_EraseOptionBytes                            out/stm32f10x_flash.o
FLASH_ErasePage                                   out/stm32f10x_flash.o
FLASH_GetBank1Status                              out/stm32f10x_flash.o
FLASH_GetFlagStatus                               out/stm32f10x_flash.o
FLASH_GetPrefetchBufferStatus                     out/stm32f10x_flash.o
FLASH_GetReadOutProtectionStatus                  out/stm32f10x_flash.o
FLASH_GetStatus                                   out/stm32f10x_flash.o
FLASH_GetUserOptionByte                           out/stm32f10x_flash.o
FLASH_GetWriteProtectionOptionByte                out/stm32f10x_flash.o
FLASH_HalfCycleAccessCmd                          out/stm32f10x_flash.o
FLASH_IRQHandler                                  out/startup_stm32f10x_cl.o
FLASH_ITConfig                                    out/stm32f10x_flash.o
FLASH_Lock                                        out/stm32f10x_flash.o
FLASH_LockBank1                                   out/stm32f10x_flash.o
FLASH_PrefetchBufferCmd                           out/stm32f10x_flash.o
FLASH_ProgramHalfWord                             out/stm32f10x_flash.o
FLASH_ProgramOptionByteData                       out/stm32f10x_flash.o
FLASH_ProgramWord                                 out/stm32f10x_flash.o
FLASH_ReadOutProtection                           out/stm32f10x_flash.o
FLASH_SetLatency                                  out/stm32f10x_flash.o
FLASH_Unlock                                      out/stm32f10x_flash.o
FLASH_UnlockBank1                                 out/stm32f10x_flash.o
FLASH_UserOptionByteConfig                        out/stm32f10x_flash.o
FLASH_WaitForLastBank1Operation                   out/stm32f10x_flash.o
FLASH_WaitForLastOperation                        out/stm32f10x_flash.o
FSMC_ClearFlag                                    out/stm32f10x_fsmc.o
FSMC_ClearITPendingBit                            out/stm32f10x_fsmc.o
FSMC_GetECC                                       out/stm32f10x_fsmc.o
FSMC_GetFlagStatus                                out/stm32f10x_fsmc.o
FSMC_GetITStatus                                  out/stm32f10x_fsmc.o
FSMC_ITConfig                                     out/stm32f10x_fsmc.o
FSMC_NANDCmd                                      out/stm32f10x_fsmc.o
FSMC_NANDDeInit                                   out/stm32f10x_fsmc.o
FSMC_NANDECCCmd                                   out/stm32f10x_fsmc.o
FSMC_NANDInit                                     out/stm32f10x_fsmc.o
FSMC_NANDStructInit                               out/stm32f10x_fsmc.o
FSMC_NORSRAMCmd                                   out/stm32f10x_fsmc.o
FSMC_NORSRAMDeInit                                out/stm32f10x_fsmc.o
FSMC_NORSRAMInit                                  out/stm32f10x_fsmc.o
FSMC_NORSRAMStructInit                            out/stm32f10x_fsmc.o
FSMC_PCCARDCmd                                    out/stm32f10x_fsmc.o
FSMC_PCCARDDeInit                                 out/stm32f10x_fsmc.o
FSMC_PCCARDInit                                   out/stm32f10x_fsmc.o
FSMC_PCCARDStructInit                             out/stm32f10x_fsmc.o
GPIO_AFIODeInit                                   out/stm32f10x_gpio.o
GPIO_DeInit                                       out/stm32f10x_gpio.o
GPIO_ETH_MediaInterfaceConfig                     out/stm32f10x_gpio.o
GPIO_EXTILineConfig                               out/stm32f10x_gpio.o
GPIO_EventOutputCmd                               out/stm32f10x_gpio.o
GPIO_EventOutputConfig                            out/stm32f10x_gpio.o
GPIO_Init                                         out/stm32f10x_gpio.o
                                                  out/stm32-P107.o
GPIO_PinLockConfig                                out/stm32f10x_gpio.o
GPIO_PinRemapConfig                               out/stm32f10x_gpio.o
                                                  out/stm32-P107.o
GPIO_ReadInputData                                out/stm32f10x_gpio.o
GPIO_ReadInputDataBit                             out/stm32f10x_gpio.o
                                                  out/stm32-P107.o
GPIO_ReadOutputData                               out/stm32f10x_gpio.o
GPIO_ReadOutputDataBit                            out/stm32f10x_gpio.o
GPIO_ResetBits                                    out/stm32f10x_gpio.o
                                                  out/stm32-P107.o
GPIO_SetBits                                      out/stm32f10x_gpio.o
                                                  out/stm32-P107.o
GPIO_StructInit                                   out/stm32f10x_gpio.o
GPIO_Write                                        out/stm32f10x_gpio.o
GPIO_WriteBit                                     out/stm32f10x_gpio.o
GreenLED                                          out/main.o
HardFault_Handler                                 out/stm32f10x_it.o
                                                  out/startup_stm32f10x_cl.o
I2C1_ER_IRQHandler                                out/startup_stm32f10x_cl.o
I2C1_EV_IRQHandler                                out/startup_stm32f10x_cl.o
I2C2_ER_IRQHandler                                out/startup_stm32f10x_cl.o
I2C2_EV_IRQHandler                                out/startup_stm32f10x_cl.o
I2C::I2C()                                        out/stm32-P107.o
                                                  out/KamodRGB.o
                                                  out/KamodMEMS2.o
I2C::I2C()                                        out/stm32-P107.o
I2C::I2C(unsigned char)                           out/stm32-P107.o
                                                  out/main.o
I2C::I2C(unsigned char)                           out/stm32-P107.o
I2C::init(unsigned char)                          out/stm32-P107.o
I2C::readBytes(unsigned char, unsigned char*, unsigned char) out/stm32-P107.o
                                                  out/KamodMEMS2.o
I2C::sendBytes(unsigned char, unsigned char*, unsigned char) out/stm32-P107.o
                                                  out/KamodRGB.o
                                                  out/KamodMEMS2.o
I2C::sendBytes2(unsigned char, unsigned char*, unsigned char) out/stm32-P107.o
                                                  out/KamodMEMS2.o
I2C_ARPCmd                                        out/stm32f10x_i2c.o
I2C_AcknowledgeConfig                             out/stm32f10x_i2c.o
                                                  out/stm32-P107.o
I2C_CalculatePEC                                  out/stm32f10x_i2c.o
I2C_CheckEvent                                    out/stm32f10x_i2c.o
                                                  out/stm32-P107.o
I2C_ClearFlag                                     out/stm32f10x_i2c.o
I2C_ClearITPendingBit                             out/stm32f10x_i2c.o
I2C_Cmd                                           out/stm32f10x_i2c.o
                                                  out/stm32-P107.o
I2C_DMACmd                                        out/stm32f10x_i2c.o
I2C_DMALastTransferCmd                            out/stm32f10x_i2c.o
I2C_DeInit                                        out/stm32f10x_i2c.o
I2C_DualAddressCmd                                out/stm32f10x_i2c.o
I2C_FastModeDutyCycleConfig                       out/stm32f10x_i2c.o
I2C_GeneralCallCmd                                out/stm32f10x_i2c.o
I2C_GenerateSTART                                 out/stm32f10x_i2c.o
                                                  out/stm32-P107.o
I2C_GenerateSTOP                                  out/stm32f10x_i2c.o
                                                  out/stm32-P107.o
I2C_GetFlagStatus                                 out/stm32f10x_i2c.o
I2C_GetITStatus                                   out/stm32f10x_i2c.o
I2C_GetLastEvent                                  out/stm32f10x_i2c.o
I2C_GetPEC                                        out/stm32f10x_i2c.o
I2C_ITConfig                                      out/stm32f10x_i2c.o
I2C_Init                                          out/stm32f10x_i2c.o
                                                  out/stm32-P107.o
I2C_NACKPositionConfig                            out/stm32f10x_i2c.o
I2C_OwnAddress2Config                             out/stm32f10x_i2c.o
I2C_PECPositionConfig                             out/stm32f10x_i2c.o
I2C_ReadRegister                                  out/stm32f10x_i2c.o
I2C_ReceiveData                                   out/stm32f10x_i2c.o
                                                  out/stm32-P107.o
I2C_SMBusAlertConfig                              out/stm32f10x_i2c.o
I2C_Send7bitAddress                               out/stm32f10x_i2c.o
                                                  out/stm32-P107.o
I2C_SendData                                      out/stm32f10x_i2c.o
                                                  out/stm32-P107.o
I2C_SoftwareResetCmd                              out/stm32f10x_i2c.o
I2C_StretchClockCmd                               out/stm32f10x_i2c.o
I2C_StructInit                                    out/stm32f10x_i2c.o
I2C_TransmitPEC                                   out/stm32f10x_i2c.o
I2S_Cmd                                           out/stm32f10x_spi.o
I2S_Init                                          out/stm32f10x_spi.o
I2S_StructInit                                    out/stm32f10x_spi.o
IWDG_Enable                                       out/stm32f10x_iwdg.o
IWDG_GetFlagStatus                                out/stm32f10x_iwdg.o
IWDG_ReloadCounter                                out/stm32f10x_iwdg.o
IWDG_SetPrescaler                                 out/stm32f10x_iwdg.o
IWDG_SetReload                                    out/stm32f10x_iwdg.o
IWDG_WriteAccessCmd                               out/stm32f10x_iwdg.o
KamodMEMS2::KamodMEMS2()                          out/KamodMEMS2.o
KamodMEMS2::KamodMEMS2()                          out/KamodMEMS2.o
KamodMEMS2::KamodMEMS2(unsigned char, I2C)        out/KamodMEMS2.o
                                                  out/main.o
KamodMEMS2::KamodMEMS2(unsigned char, I2C)        out/KamodMEMS2.o
KamodMEMS2::getx()                                out/KamodMEMS2.o
KamodMEMS2::init(unsigned char, I2C)              out/KamodMEMS2.o
KamodRGB::KamodRGB()                              out/KamodRGB.o
KamodRGB::KamodRGB()                              out/KamodRGB.o
KamodRGB::KamodRGB(unsigned char, I2C)            out/KamodRGB.o
KamodRGB::KamodRGB(unsigned char, I2C)            out/KamodRGB.o
                                                  out/main.o
KamodRGB::init(unsigned char, I2C)                out/KamodRGB.o
KamodRGB::light(KamodRGBColors, unsigned char)    out/KamodRGB.o
                                                  out/main.o
LED::LED()                                        out/stm32-P107.o
                                                  out/main.o
LED::LED()                                        out/stm32-P107.o
LED::LED(ELEDs)                                   out/stm32-P107.o
LED::LED(ELEDs)                                   out/stm32-P107.o
LED::Off()                                        out/stm32-P107.o
                                                  out/main.o
LED::On()                                         out/stm32-P107.o
                                                  out/main.o
LED::Toggle()                                     out/stm32-P107.o
                                                  out/main.o
LED::init(ELEDs)                                  out/stm32-P107.o
                                                  out/main.o
MemManage_Handler                                 out/stm32f10x_it.o
                                                  out/startup_stm32f10x_cl.o
NMI_Handler                                       out/stm32f10x_it.o
                                                  out/startup_stm32f10x_cl.o
NVIC_Init                                         out/misc.o
                                                  out/stm32-P107.o
NVIC_PriorityGroupConfig                          out/misc.o
NVIC_SetVectorTable                               out/misc.o
NVIC_SystemLPConfig                               out/misc.o
OTG_FS_IRQHandler                                 out/startup_stm32f10x_cl.o
OTG_FS_WKUP_IRQHandler                            out/startup_stm32f10x_cl.o
PVD_IRQHandler                                    out/startup_stm32f10x_cl.o
PWR_BackupAccessCmd                               out/stm32f10x_pwr.o
PWR_ClearFlag                                     out/stm32f10x_pwr.o
PWR_DeInit                                        out/stm32f10x_pwr.o
PWR_EnterSTANDBYMode                              out/stm32f10x_pwr.o
PWR_EnterSTOPMode                                 out/stm32f10x_pwr.o
PWR_GetFlagStatus                                 out/stm32f10x_pwr.o
PWR_PVDCmd                                        out/stm32f10x_pwr.o
PWR_PVDLevelConfig                                out/stm32f10x_pwr.o
PWR_WakeUpPinCmd                                  out/stm32f10x_pwr.o
PendSV_Handler                                    out/stm32f10x_it.o
                                                  out/startup_stm32f10x_cl.o
RCC_ADCCLKConfig                                  out/stm32f10x_rcc.o
RCC_AHBPeriphClockCmd                             out/stm32f10x_rcc.o
RCC_AHBPeriphResetCmd                             out/stm32f10x_rcc.o
RCC_APB1PeriphClockCmd                            out/stm32f10x_rcc.o
                                                  out/stm32-P107.o
RCC_APB1PeriphResetCmd                            out/stm32f10x_rcc.o
                                                  out/stm32f10x_wwdg.o
                                                  out/stm32f10x_usart.o
                                                  out/stm32f10x_tim.o
                                                  out/stm32f10x_spi.o
                                                  out/stm32f10x_pwr.o
                                                  out/stm32f10x_i2c.o
                                                  out/stm32f10x_dac.o
                                                  out/stm32f10x_cec.o
                                                  out/stm32f10x_can.o
RCC_APB2PeriphClockCmd                            out/stm32f10x_rcc.o
                                                  out/stm32-P107.o
RCC_APB2PeriphResetCmd                            out/stm32f10x_rcc.o
                                                  out/stm32f10x_usart.o
                                                  out/stm32f10x_tim.o
                                                  out/stm32f10x_spi.o
                                                  out/stm32f10x_gpio.o
                                                  out/stm32f10x_adc.o
RCC_AdjustHSICalibrationValue                     out/stm32f10x_rcc.o
RCC_BackupResetCmd                                out/stm32f10x_rcc.o
                                                  out/stm32f10x_bkp.o
RCC_ClearFlag                                     out/stm32f10x_rcc.o
RCC_ClearITPendingBit                             out/stm32f10x_rcc.o
RCC_ClockSecuritySystemCmd                        out/stm32f10x_rcc.o
RCC_DeInit                                        out/stm32f10x_rcc.o
RCC_GetClocksFreq                                 out/stm32f10x_rcc.o
                                                  out/stm32f10x_usart.o
                                                  out/stm32f10x_spi.o
                                                  out/stm32f10x_i2c.o
RCC_GetFlagStatus                                 out/stm32f10x_rcc.o
RCC_GetITStatus                                   out/stm32f10x_rcc.o
RCC_GetSYSCLKSource                               out/stm32f10x_rcc.o
RCC_HCLKConfig                                    out/stm32f10x_rcc.o
RCC_HSEConfig                                     out/stm32f10x_rcc.o
RCC_HSICmd                                        out/stm32f10x_rcc.o
RCC_I2S2CLKConfig                                 out/stm32f10x_rcc.o
RCC_I2S3CLKConfig                                 out/stm32f10x_rcc.o
RCC_IRQHandler                                    out/startup_stm32f10x_cl.o
RCC_ITConfig                                      out/stm32f10x_rcc.o
RCC_LSEConfig                                     out/stm32f10x_rcc.o
RCC_LSICmd                                        out/stm32f10x_rcc.o
RCC_MCOConfig                                     out/stm32f10x_rcc.o
RCC_OTGFSCLKConfig                                out/stm32f10x_rcc.o
RCC_PCLK1Config                                   out/stm32f10x_rcc.o
RCC_PCLK2Config                                   out/stm32f10x_rcc.o
RCC_PLL2Cmd                                       out/stm32f10x_rcc.o
RCC_PLL2Config                                    out/stm32f10x_rcc.o
RCC_PLL3Cmd                                       out/stm32f10x_rcc.o
RCC_PLL3Config                                    out/stm32f10x_rcc.o
RCC_PLLCmd                                        out/stm32f10x_rcc.o
RCC_PLLConfig                                     out/stm32f10x_rcc.o
RCC_PREDIV1Config                                 out/stm32f10x_rcc.o
RCC_PREDIV2Config                                 out/stm32f10x_rcc.o
RCC_RTCCLKCmd                                     out/stm32f10x_rcc.o
RCC_RTCCLKConfig                                  out/stm32f10x_rcc.o
RCC_SYSCLKConfig                                  out/stm32f10x_rcc.o
RCC_WaitForHSEStartUp                             out/stm32f10x_rcc.o
RTCAlarm_IRQHandler                               out/startup_stm32f10x_cl.o
RTC_ClearFlag                                     out/stm32f10x_rtc.o
RTC_ClearITPendingBit                             out/stm32f10x_rtc.o
RTC_EnterConfigMode                               out/stm32f10x_rtc.o
RTC_ExitConfigMode                                out/stm32f10x_rtc.o
RTC_GetCounter                                    out/stm32f10x_rtc.o
RTC_GetDivider                                    out/stm32f10x_rtc.o
RTC_GetFlagStatus                                 out/stm32f10x_rtc.o
RTC_GetITStatus                                   out/stm32f10x_rtc.o
RTC_IRQHandler                                    out/startup_stm32f10x_cl.o
RTC_ITConfig                                      out/stm32f10x_rtc.o
RTC_SetAlarm                                      out/stm32f10x_rtc.o
RTC_SetCounter                                    out/stm32f10x_rtc.o
RTC_SetPrescaler                                  out/stm32f10x_rtc.o
RTC_WaitForLastTask                               out/stm32f10x_rtc.o
RTC_WaitForSynchro                                out/stm32f10x_rtc.o
Reset_Handler                                     out/startup_stm32f10x_cl.o
SDIO_CEATAITCmd                                   out/stm32f10x_sdio.o
SDIO_ClearFlag                                    out/stm32f10x_sdio.o
SDIO_ClearITPendingBit                            out/stm32f10x_sdio.o
SDIO_ClockCmd                                     out/stm32f10x_sdio.o
SDIO_CmdStructInit                                out/stm32f10x_sdio.o
SDIO_CommandCompletionCmd                         out/stm32f10x_sdio.o
SDIO_DMACmd                                       out/stm32f10x_sdio.o
SDIO_DataConfig                                   out/stm32f10x_sdio.o
SDIO_DataStructInit                               out/stm32f10x_sdio.o
SDIO_DeInit                                       out/stm32f10x_sdio.o
SDIO_GetCommandResponse                           out/stm32f10x_sdio.o
SDIO_GetDataCounter                               out/stm32f10x_sdio.o
SDIO_GetFIFOCount                                 out/stm32f10x_sdio.o
SDIO_GetFlagStatus                                out/stm32f10x_sdio.o
SDIO_GetITStatus                                  out/stm32f10x_sdio.o
SDIO_GetPowerState                                out/stm32f10x_sdio.o
SDIO_GetResponse                                  out/stm32f10x_sdio.o
SDIO_ITConfig                                     out/stm32f10x_sdio.o
SDIO_Init                                         out/stm32f10x_sdio.o
SDIO_ReadData                                     out/stm32f10x_sdio.o
SDIO_SendCEATACmd                                 out/stm32f10x_sdio.o
SDIO_SendCommand                                  out/stm32f10x_sdio.o
SDIO_SendSDIOSuspendCmd                           out/stm32f10x_sdio.o
SDIO_SetPowerState                                out/stm32f10x_sdio.o
SDIO_SetSDIOOperation                             out/stm32f10x_sdio.o
SDIO_SetSDIOReadWaitMode                          out/stm32f10x_sdio.o
SDIO_StartSDIOReadWait                            out/stm32f10x_sdio.o
SDIO_StopSDIOReadWait                             out/stm32f10x_sdio.o
SDIO_StructInit                                   out/stm32f10x_sdio.o
SDIO_WriteData                                    out/stm32f10x_sdio.o
SPI1_IRQHandler                                   out/startup_stm32f10x_cl.o
SPI2_IRQHandler                                   out/startup_stm32f10x_cl.o
SPI3_IRQHandler                                   out/startup_stm32f10x_cl.o
SPI_BiDirectionalLineConfig                       out/stm32f10x_spi.o
SPI_CalculateCRC                                  out/stm32f10x_spi.o
SPI_Cmd                                           out/stm32f10x_spi.o
SPI_DataSizeConfig                                out/stm32f10x_spi.o
SPI_GetCRC                                        out/stm32f10x_spi.o
SPI_GetCRCPolynomial                              out/stm32f10x_spi.o
SPI_I2S_ClearFlag                                 out/stm32f10x_spi.o
SPI_I2S_ClearITPendingBit                         out/stm32f10x_spi.o
SPI_I2S_DMACmd                                    out/stm32f10x_spi.o
SPI_I2S_DeInit                                    out/stm32f10x_spi.o
SPI_I2S_GetFlagStatus                             out/stm32f10x_spi.o
SPI_I2S_GetITStatus                               out/stm32f10x_spi.o
SPI_I2S_ITConfig                                  out/stm32f10x_spi.o
SPI_I2S_ReceiveData                               out/stm32f10x_spi.o
SPI_I2S_SendData                                  out/stm32f10x_spi.o
SPI_Init                                          out/stm32f10x_spi.o
SPI_NSSInternalSoftwareConfig                     out/stm32f10x_spi.o
SPI_SSOutputCmd                                   out/stm32f10x_spi.o
SPI_StructInit                                    out/stm32f10x_spi.o
SPI_TransmitCRC                                   out/stm32f10x_spi.o
SVC_Handler                                       out/stm32f10x_it.o
                                                  out/startup_stm32f10x_cl.o
SysTick_CLKSourceConfig                           out/misc.o
SysTick_Handler                                   out/main.o
                                                  out/startup_stm32f10x_cl.o
SystemCoreClock                                   out/system_stm32f10x.o
SystemCoreClockUpdate                             out/system_stm32f10x.o
SystemInit                                        out/system_stm32f10x.o
                                                  out/main.o
                                                  out/startup_stm32f10x_cl.o
TAMPER_IRQHandler                                 out/startup_stm32f10x_cl.o
TIM1_BRK_IRQHandler                               out/startup_stm32f10x_cl.o
TIM1_CC_IRQHandler                                out/startup_stm32f10x_cl.o
TIM1_TRG_COM_IRQHandler                           out/startup_stm32f10x_cl.o
TIM1_UP_IRQHandler                                out/startup_stm32f10x_cl.o
TIM2_IRQHandler                                   out/startup_stm32f10x_cl.o
TIM3_IRQHandler                                   out/startup_stm32f10x_cl.o
TIM4_IRQHandler                                   out/startup_stm32f10x_cl.o
TIM5_IRQHandler                                   out/startup_stm32f10x_cl.o
TIM6_IRQHandler                                   out/startup_stm32f10x_cl.o
TIM7_IRQHandler                                   out/startup_stm32f10x_cl.o
TIM_ARRPreloadConfig                              out/stm32f10x_tim.o
TIM_BDTRConfig                                    out/stm32f10x_tim.o
TIM_BDTRStructInit                                out/stm32f10x_tim.o
TIM_CCPreloadControl                              out/stm32f10x_tim.o
TIM_CCxCmd                                        out/stm32f10x_tim.o
TIM_CCxNCmd                                       out/stm32f10x_tim.o
TIM_ClearFlag                                     out/stm32f10x_tim.o
TIM_ClearITPendingBit                             out/stm32f10x_tim.o
TIM_ClearOC1Ref                                   out/stm32f10x_tim.o
TIM_ClearOC2Ref                                   out/stm32f10x_tim.o
TIM_ClearOC3Ref                                   out/stm32f10x_tim.o
TIM_ClearOC4Ref                                   out/stm32f10x_tim.o
TIM_Cmd                                           out/stm32f10x_tim.o
TIM_CounterModeConfig                             out/stm32f10x_tim.o
TIM_CtrlPWMOutputs                                out/stm32f10x_tim.o
TIM_DMACmd                                        out/stm32f10x_tim.o
TIM_DMAConfig                                     out/stm32f10x_tim.o
TIM_DeInit                                        out/stm32f10x_tim.o
TIM_ETRClockMode1Config                           out/stm32f10x_tim.o
TIM_ETRClockMode2Config                           out/stm32f10x_tim.o
TIM_ETRConfig                                     out/stm32f10x_tim.o
TIM_EncoderInterfaceConfig                        out/stm32f10x_tim.o
TIM_ForcedOC1Config                               out/stm32f10x_tim.o
TIM_ForcedOC2Config                               out/stm32f10x_tim.o
TIM_ForcedOC3Config                               out/stm32f10x_tim.o
TIM_ForcedOC4Config                               out/stm32f10x_tim.o
TIM_GenerateEvent                                 out/stm32f10x_tim.o
TIM_GetCapture1                                   out/stm32f10x_tim.o
TIM_GetCapture2                                   out/stm32f10x_tim.o
TIM_GetCapture3                                   out/stm32f10x_tim.o
TIM_GetCapture4                                   out/stm32f10x_tim.o
TIM_GetCounter                                    out/stm32f10x_tim.o
TIM_GetFlagStatus                                 out/stm32f10x_tim.o
TIM_GetITStatus                                   out/stm32f10x_tim.o
TIM_GetPrescaler                                  out/stm32f10x_tim.o
TIM_ICInit                                        out/stm32f10x_tim.o
TIM_ICStructInit                                  out/stm32f10x_tim.o
TIM_ITConfig                                      out/stm32f10x_tim.o
TIM_ITRxExternalClockConfig                       out/stm32f10x_tim.o
TIM_InternalClockConfig                           out/stm32f10x_tim.o
TIM_OC1FastConfig                                 out/stm32f10x_tim.o
TIM_OC1Init                                       out/stm32f10x_tim.o
TIM_OC1NPolarityConfig                            out/stm32f10x_tim.o
TIM_OC1PolarityConfig                             out/stm32f10x_tim.o
TIM_OC1PreloadConfig                              out/stm32f10x_tim.o
TIM_OC2FastConfig                                 out/stm32f10x_tim.o
TIM_OC2Init                                       out/stm32f10x_tim.o
TIM_OC2NPolarityConfig                            out/stm32f10x_tim.o
TIM_OC2PolarityConfig                             out/stm32f10x_tim.o
TIM_OC2PreloadConfig                              out/stm32f10x_tim.o
TIM_OC3FastConfig                                 out/stm32f10x_tim.o
TIM_OC3Init                                       out/stm32f10x_tim.o
TIM_OC3NPolarityConfig                            out/stm32f10x_tim.o
TIM_OC3PolarityConfig                             out/stm32f10x_tim.o
TIM_OC3PreloadConfig                              out/stm32f10x_tim.o
TIM_OC4FastConfig                                 out/stm32f10x_tim.o
TIM_OC4Init                                       out/stm32f10x_tim.o
TIM_OC4PolarityConfig                             out/stm32f10x_tim.o
TIM_OC4PreloadConfig                              out/stm32f10x_tim.o
TIM_OCStructInit                                  out/stm32f10x_tim.o
TIM_PWMIConfig                                    out/stm32f10x_tim.o
TIM_PrescalerConfig                               out/stm32f10x_tim.o
TIM_SelectCCDMA                                   out/stm32f10x_tim.o
TIM_SelectCOM                                     out/stm32f10x_tim.o
TIM_SelectHallSensor                              out/stm32f10x_tim.o
TIM_SelectInputTrigger                            out/stm32f10x_tim.o
TIM_SelectMasterSlaveMode                         out/stm32f10x_tim.o
TIM_SelectOCxM                                    out/stm32f10x_tim.o
TIM_SelectOnePulseMode                            out/stm32f10x_tim.o
TIM_SelectOutputTrigger                           out/stm32f10x_tim.o
TIM_SelectSlaveMode                               out/stm32f10x_tim.o
TIM_SetAutoreload                                 out/stm32f10x_tim.o
TIM_SetClockDivision                              out/stm32f10x_tim.o
TIM_SetCompare1                                   out/stm32f10x_tim.o
TIM_SetCompare2                                   out/stm32f10x_tim.o
TIM_SetCompare3                                   out/stm32f10x_tim.o
TIM_SetCompare4                                   out/stm32f10x_tim.o
TIM_SetCounter                                    out/stm32f10x_tim.o
TIM_SetIC1Prescaler                               out/stm32f10x_tim.o
TIM_SetIC2Prescaler                               out/stm32f10x_tim.o
TIM_SetIC3Prescaler                               out/stm32f10x_tim.o
TIM_SetIC4Prescaler                               out/stm32f10x_tim.o
TIM_TIxExternalClockConfig                        out/stm32f10x_tim.o
TIM_TimeBaseInit                                  out/stm32f10x_tim.o
TIM_TimeBaseStructInit                            out/stm32f10x_tim.o
TIM_UpdateDisableConfig                           out/stm32f10x_tim.o
TIM_UpdateRequestConfig                           out/stm32f10x_tim.o
UART4_IRQHandler                                  out/startup_stm32f10x_cl.o
UART5_IRQHandler                                  out/startup_stm32f10x_cl.o
USART1_IRQHandler                                 out/startup_stm32f10x_cl.o
USART2_IRQHandler                                 out/stm32-P107.o
                                                  out/startup_stm32f10x_cl.o
USART3_IRQHandler                                 out/startup_stm32f10x_cl.o
USART::USART()                                    out/stm32-P107.o
USART::USART()                                    out/stm32-P107.o
                                                  out/main.o
USART::USART(unsigned char)                       out/stm32-P107.o
USART::USART(unsigned char)                       out/stm32-P107.o
USART::init(unsigned char)                        out/stm32-P107.o
                                                  out/main.o
USART::readChar()                                 out/stm32-P107.o
USART::recCharHandler(char)                       out/stm32-P107.o
USART::sendChar(char)                             out/stm32-P107.o
USART::sendString(char const*)                    out/stm32-P107.o
                                                  out/main.o
USART_ClearFlag                                   out/stm32f10x_usart.o
USART_ClearITPendingBit                           out/stm32f10x_usart.o
USART_ClockInit                                   out/stm32f10x_usart.o
                                                  out/stm32-P107.o
USART_ClockStructInit                             out/stm32f10x_usart.o
                                                  out/stm32-P107.o
USART_Cmd                                         out/stm32f10x_usart.o
                                                  out/stm32-P107.o
USART_DMACmd                                      out/stm32f10x_usart.o
USART_DeInit                                      out/stm32f10x_usart.o
USART_GetFlagStatus                               out/stm32f10x_usart.o
                                                  out/stm32-P107.o
USART_GetITStatus                                 out/stm32f10x_usart.o
                                                  out/stm32-P107.o
USART_HalfDuplexCmd                               out/stm32f10x_usart.o
USART_ITConfig                                    out/stm32f10x_usart.o
                                                  out/stm32-P107.o
USART_Init                                        out/stm32f10x_usart.o
                                                  out/stm32-P107.o
USART_IrDACmd                                     out/stm32f10x_usart.o
USART_IrDAConfig                                  out/stm32f10x_usart.o
USART_LINBreakDetectLengthConfig                  out/stm32f10x_usart.o
USART_LINCmd                                      out/stm32f10x_usart.o
USART_OneBitMethodCmd                             out/stm32f10x_usart.o
USART_OverSampling8Cmd                            out/stm32f10x_usart.o
USART_ReceiveData                                 out/stm32f10x_usart.o
                                                  out/stm32-P107.o
USART_ReceiverWakeUpCmd                           out/stm32f10x_usart.o
USART_SendBreak                                   out/stm32f10x_usart.o
USART_SendData                                    out/stm32f10x_usart.o
                                                  out/stm32-P107.o
USART_SetAddress                                  out/stm32f10x_usart.o
USART_SetGuardTime                                out/stm32f10x_usart.o
USART_SetPrescaler                                out/stm32f10x_usart.o
USART_SmartCardCmd                                out/stm32f10x_usart.o
USART_SmartCardNACKCmd                            out/stm32f10x_usart.o
USART_StructInit                                  out/stm32f10x_usart.o
USART_WakeUpConfig                                out/stm32f10x_usart.o
UsageFault_Handler                                out/stm32f10x_it.o
                                                  out/startup_stm32f10x_cl.o
WWDG_ClearFlag                                    out/stm32f10x_wwdg.o
WWDG_DeInit                                       out/stm32f10x_wwdg.o
WWDG_Enable                                       out/stm32f10x_wwdg.o
WWDG_EnableIT                                     out/stm32f10x_wwdg.o
WWDG_GetFlagStatus                                out/stm32f10x_wwdg.o
WWDG_IRQHandler                                   out/startup_stm32f10x_cl.o
WWDG_SetCounter                                   out/stm32f10x_wwdg.o
WWDG_SetPrescaler                                 out/stm32f10x_wwdg.o
WWDG_SetWindowValue                               out/stm32f10x_wwdg.o
YellowLED                                         out/main.o
                                                  out/stm32-P107.o
_Jv_RegisterClasses                               /home/reymondo/CodeSourcery/Sourcery_G++_Lite/bin/../lib/gcc/arm-none-eabi/4.5.2/thumb2/crtbegin.o
__LDREXB                                          out/core_cm3.o
__LDREXH                                          out/core_cm3.o
__LDREXW                                          out/core_cm3.o
__RBIT                                            out/core_cm3.o
__REV                                             out/core_cm3.o
__REV16                                           out/core_cm3.o
__REVSH                                           out/core_cm3.o
__STREXB                                          out/core_cm3.o
__STREXH                                          out/core_cm3.o
__STREXW                                          out/core_cm3.o
__dso_handle                                      /home/reymondo/CodeSourcery/Sourcery_G++_Lite/bin/../lib/gcc/arm-none-eabi/4.5.2/thumb2/crtbegin.o
__get_BASEPRI                                     out/core_cm3.o
__get_CONTROL                                     out/core_cm3.o
__get_FAULTMASK                                   out/core_cm3.o